 PhysXCooking_32

 Timestamp is 5fcbc4e4 (Sat Dec  5 10:35:32 2020)

 Preferred load address is 10000000

 Start         Length     Name                   Class
 0001:00000000 00000640H .text$di                CODE
 0001:00000640 000642f0H .text$mn                CODE
 0001:00064930 0000003eH .text$x                 CODE
 0002:00000000 00000158H .idata$5                DATA
 0002:00000158 00000004H .00cfg                  DATA
 0002:0000015c 00000004H .CRT$XCA                DATA
 0002:00000160 000000f0H .CRT$XCU                DATA
 0002:00000250 00000004H .CRT$XCZ                DATA
 0002:00000254 00000004H .CRT$XIA                DATA
 0002:00000258 0000000cH .CRT$XIC                DATA
 0002:00000264 00000004H .CRT$XIZ                DATA
 0002:00000268 00000004H .CRT$XPA                DATA
 0002:0000026c 00000008H .CRT$XPX                DATA
 0002:00000274 00000004H .CRT$XPXA               DATA
 0002:00000278 00000004H .CRT$XPZ                DATA
 0002:0000027c 00000004H .CRT$XTA                DATA
 0002:00000280 00000010H .CRT$XTZ                DATA
 0002:00000284 00000000H .gfids$y                DATA
 0002:00000290 0000a1a4H .rdata                  DATA
 0002:0000a434 000002acH .rdata$r                DATA
 0002:0000a6e0 0000001cH .rdata$sxdata           DATA
 0002:0000a6fc 000003d4H .rdata$zzzdbg           DATA
 0002:0000aad0 00000004H .rtc$IAA                DATA
 0002:0000aad4 00000004H .rtc$IZZ                DATA
 0002:0000aad8 00000004H .rtc$TAA                DATA
 0002:0000aadc 00000004H .rtc$TZZ                DATA
 0002:0000aae0 000008a4H .xdata$x                DATA
 0002:0000b384 00000040H .didat$2                DATA
 0002:0000b3c4 00000020H .didat$3                DATA
 0002:0000b3e4 000000ccH .didat$4                DATA
 0002:0000b4b0 00000974H .didat$6                DATA
 0002:0000be24 000000ccH .didat$7                DATA
 0002:0000bef0 00001c38H .edata                  DATA
 0002:0000db28 00000014H .idata$2                DATA
 0002:0000db3c 00000014H .idata$3                DATA
 0002:0000db50 00000158H .idata$4                DATA
 0002:0000dca8 0000063aH .idata$6                DATA
 0003:00000000 000008e0H .data                   DATA
 0003:000008e0 000005b8H .data$r                 DATA
 0003:00000e98 000000d8H .didat$5                DATA
 0003:00000f70 00001680H .bss                    DATA
 0004:00000000 000004e0H _RDATA                  DATA
 0005:00000000 000000a0H .rsrc$01                DATA
 0005:000000a0 000004b0H .rsrc$02                DATA

  Address         Publics by Value              Rva+Base       Lib:Object

 0000:00000000       ___guard_iat_table         00000000     <absolute>
 0000:00000000       ___volatile_metadata       00000000     <absolute>
 0000:00000000       __except_list              00000000     <absolute>
 0000:00000000       ___dynamic_value_reloc_table 00000000     <absolute>
 0000:00000000       ___guard_iat_count         00000000     <absolute>
 0000:00000000       ___enclave_config          00000000     <absolute>
 0000:00000000       ___guard_fids_table        00000000     <absolute>
 0000:00000000       ___guard_fids_count        00000000     <absolute>
 0000:00000000       ___guard_longjmp_count     00000000     <absolute>
 0000:00000000       ___guard_longjmp_table     00000000     <absolute>
 0000:00000000       ___hybrid_code_map_count   00000000     <absolute>
 0000:00000000       ___hybrid_code_map         00000000     <absolute>
 0000:00000000       ___hybrid_auxiliary_iat    00000000     <absolute>
 0000:00000007       ___safe_se_handler_count   00000007     <absolute>
 0000:00000100       ___guard_flags             00000100     <absolute>
 0000:00000000       ___ImageBase               10000000     <linker-defined>
 0001:00000640       ?ComputeNbBoundaryEdges@AdjTriangle@physx@@QBEIXZ 10001640 f   Adjacencies.obj
 0001:00000680       ?ComputeNbNeighbors@AdjTriangle@physx@@QBEIXZ 10001680 f   Adjacencies.obj
 0001:000006c0       ?HasNeighbor@AdjTriangle@physx@@QBE_NIPAI@Z 100016c0 f   Adjacencies.obj
 0001:00000740       ?Flip@AdjTriangle@physx@@QAEXXZ 10001740 f   Adjacencies.obj
 0001:00000750       ??0Adjacencies@physx@@QAE@XZ 10001750 f   Adjacencies.obj
 0001:00000760       ??1Adjacencies@physx@@QAE@XZ 10001760 f   Adjacencies.obj
 0001:000007a0       ?Load@Adjacencies@physx@@QAE_NAAVPxInputStream@2@@Z 100017a0 f   Adjacencies.obj
 0001:00000880       ?ComputeNbBoundaryEdges@Adjacencies@physx@@QBEIXZ 10001880 f   Adjacencies.obj
 0001:000008f0       ?GetBoundaryVertices@Adjacencies@physx@@QBE_NIPA_NPBU?$TriangleT@I@Gu@2@@Z 100018f0 f   Adjacencies.obj
 0001:00000a40       ?MakeLastRef@Adjacencies@physx@@QAE_NAAVAdjTriangle@2@IPAU?$TriangleT@I@Gu@2@@Z 10001a40 f   Adjacencies.obj
 0001:00000c00       ?AssignNewEdgeCode@Adjacencies@physx@@AAEXIE@Z 10001c00 f   Adjacencies.obj
 0001:00000c40       ??0AdjacenciesBuilder@physx@@QAE@XZ 10001c40 f   Adjacencies.obj
 0001:00000c50       ??1AdjacenciesBuilder@physx@@QAE@XZ 10001c50 f   Adjacencies.obj
 0001:00000c90       ?Init@AdjacenciesBuilder@physx@@QAE_NABUADJACENCIESCREATE@2@@Z 10001c90 f   Adjacencies.obj
 0001:00001000       ??0AdjEdge@@QAE@XZ         10002000 f i Adjacencies.obj
 0001:00001010       ??0AdjTriangle@physx@@QAE@XZ 10002010 f i Adjacencies.obj
 0001:00001020       ??0Allocator@shdfnd@physx@@QAE@PBD@Z 10002020 f i Adjacencies.obj
 0001:00001030       ??0PxFoundation@physx@@QAE@ABV01@@Z 10002030 f i Adjacencies.obj
 0001:00001040       ??0PxFoundation@physx@@QAE@XZ 10002040 f i Adjacencies.obj
 0001:00001050       ??1AdjEdge@@QAE@XZ         10002050 f i Adjacencies.obj
 0001:00001060       ??1AdjTriangle@physx@@QAE@XZ 10002060 f i Adjacencies.obj
 0001:00001070       ??1PxFoundation@physx@@MAE@XZ 10002070 f i Adjacencies.obj
 0001:00001080       ??4Allocator@shdfnd@physx@@QAEAAV012@$$QAV012@@Z 10002080 f i Adjacencies.obj
 0001:00001090       ??4Allocator@shdfnd@physx@@QAEAAV012@ABV012@@Z 10002090 f i Adjacencies.obj
 0001:000010a0       ??4MutexImpl@shdfnd@physx@@QAEAAV012@ABV012@@Z 100020a0 f i Adjacencies.obj
 0001:000010b0       ??4PxFoundation@physx@@QAEAAV01@ABV01@@Z 100020b0 f i Adjacencies.obj
 0001:000010c0       ??_EAdjEdge@@QAEPAXI@Z     100020c0 f i Adjacencies.obj
 0001:00001130       ??_EAdjTriangle@physx@@QAEPAXI@Z 10002130 f i Adjacencies.obj
 0001:000011a0       ??_EPxFoundation@physx@@MAEPAXI@Z 100021a0 f i Adjacencies.obj
 0001:00001210       ??_FAllocator@shdfnd@physx@@QAEXXZ 10002210 f i Adjacencies.obj
 0001:00001220       ??_GPxFoundation@physx@@MAEPAXI@Z 10002220 f i Adjacencies.obj
 0001:00001250       ??_H@YGXPAXIIP6EPAX0@Z@Z   10002250 f i Adjacencies.obj
 0001:00001280       ??_I@YGXPAXIIP6EX0@Z@Z     10002280 f i Adjacencies.obj
 0001:000014a0       ?GetNbHits@RadixSort@Cm@physx@@QBEIXZ 100024a0 f i Adjacencies.obj
 0001:000014b0       ?GetNbTotalCalls@RadixSort@Cm@physx@@QBEIXZ 100024b0 f i Adjacencies.obj
 0001:000014c0       ?GetRanks@RadixSort@Cm@physx@@QBEPBIXZ 100024c0 f i Adjacencies.obj
 0001:000014d0       ?GetRecyclable@RadixSort@Cm@physx@@QBEPAIXZ 100024d0 f i Adjacencies.obj
 0001:00001680       ?__empty_global_delete@@YAXPAX@Z 10002680 f i Adjacencies.obj
 0001:00001690       ?__empty_global_delete@@YAXPAXI@Z 10002690 f i Adjacencies.obj
 0001:000016a0       ?getAllocator@Foundation@shdfnd@physx@@QAEAAVPxAllocatorCallback@3@XZ 100026a0 f i Adjacencies.obj
 0001:000016b0       ?getAllocatorCallback@Foundation@shdfnd@physx@@UAEAAVPxAllocatorCallback@3@XZ 100026b0 f i Adjacencies.obj
 0001:000016c0       ?getErrorCallback@Foundation@shdfnd@physx@@UAEAAVPxErrorCallback@3@XZ 100026c0 f i Adjacencies.obj
 0001:000016d0       ?getErrorLevel@Foundation@shdfnd@physx@@UBE?AW4Enum@PxErrorCode@3@XZ 100026d0 f i Adjacencies.obj
 0001:000016e0       ?getInternalErrorCallback@Foundation@shdfnd@physx@@QAEAAVPxErrorCallback@3@XZ 100026e0 f i Adjacencies.obj
 0001:000016f0       ?getNamedAllocMap@Foundation@shdfnd@physx@@QAEAAV?$HashMap@PBVNamedAllocator@shdfnd@physx@@PBDU?$Hash@PBVNamedAllocator@shdfnd@physx@@@23@VNonTrackingAllocator@23@@23@XZ 100026f0 f i Adjacencies.obj
 0001:00001700       ?getNamedAllocMutex@Foundation@shdfnd@physx@@QAEAAV?$MutexT@VAllocator@shdfnd@physx@@@23@XZ 10002700 f i Adjacencies.obj
 0001:00001710       ?getReportAllocationNames@Foundation@shdfnd@physx@@UBE_NXZ 10002710 f i Adjacencies.obj
 0001:00001720       ?getTempAllocFreeTable@Foundation@shdfnd@physx@@QAEAAV?$Array@PATTempAllocatorChunk@shdfnd@physx@@VAllocator@23@@23@XZ 10002720 f i Adjacencies.obj
 0001:00001730       ?getTempAllocMutex@Foundation@shdfnd@physx@@QAEAAV?$MutexT@VAllocator@shdfnd@physx@@@23@XZ 10002730 f i Adjacencies.obj
 0001:00001740       ?invalidateRanks@RadixSort@Cm@physx@@QAEXXZ 10002740 f i Adjacencies.obj
 0001:00001750       ?setErrorLevel@Foundation@shdfnd@physx@@UAEXW4Enum@PxErrorCode@3@@Z 10002750 f i Adjacencies.obj
 0001:00001760       ?setReportAllocationNames@Foundation@shdfnd@physx@@UAEX_N@Z 10002760 f i Adjacencies.obj
 0001:00001770       _PxCreateCooking           10002770 f   Cooking.obj
 0001:00001830       ?release@Cooking@physx@@UAEXXZ 10002830 f   Cooking.obj
 0001:00001840       ?setParams@Cooking@physx@@UAEXABUPxCookingParams@2@@Z 10002840 f   Cooking.obj
 0001:000018a0       ?getParams@Cooking@physx@@UBEABUPxCookingParams@2@XZ 100028a0 f   Cooking.obj
 0001:000018b0       ?platformMismatch@Cooking@physx@@UBE_NXZ 100028b0 f   Cooking.obj
 0001:000018c0       ?cookTriangleMesh@Cooking@physx@@UBE_NABVPxTriangleMeshDesc@2@AAVPxOutputStream@2@PAW4Enum@PxTriangleMeshCookingResult@2@@Z 100028c0 f   Cooking.obj
 0001:00001950       ?createTriangleMesh@Cooking@physx@@UBEPAVPxTriangleMesh@2@ABVPxTriangleMeshDesc@2@AAVPxPhysicsInsertionCallback@2@PAW4Enum@PxTriangleMeshCookingResult@2@@Z 10002950 f   Cooking.obj
 0001:000019d0       ?validateTriangleMesh@Cooking@physx@@UBE_NABVPxTriangleMeshDesc@2@@Z 100029d0 f   Cooking.obj
 0001:00001ab0       ?cookConvexMesh@Cooking@physx@@UBE_NABVPxConvexMeshDesc@2@AAVPxOutputStream@2@PAW4Enum@PxConvexMeshCookingResult@2@@Z 10002ab0 f   Cooking.obj
 0001:00001c30       ?createConvexMesh@Cooking@physx@@UBEPAVPxConvexMesh@2@ABVPxConvexMeshDesc@2@AAVPxPhysicsInsertionCallback@2@PAW4Enum@PxConvexMeshCookingResult@2@@Z 10002c30 f   Cooking.obj
 0001:00001dd0       ?validateConvexMesh@Cooking@physx@@UBE_NABVPxConvexMeshDesc@2@@Z 10002dd0 f   Cooking.obj
 0001:00001e20       ?computeHullPolygons@Cooking@physx@@UBE_NABVPxSimpleTriangleMesh@2@AAVPxAllocatorCallback@2@AAIAAPAVPxVec3@2@2AAPAI2AAPAUPxHullPolygon@2@@Z 10002e20 f   Cooking.obj
 0001:00001f50       ?cookHeightField@Cooking@physx@@UBE_NABVPxHeightFieldDesc@2@AAVPxOutputStream@2@@Z 10002f50 f   Cooking.obj
 0001:00002010       ?createHeightField@Cooking@physx@@UBEPAVPxHeightField@2@ABVPxHeightFieldDesc@2@AAVPxPhysicsInsertionCallback@2@@Z 10003010 f   Cooking.obj
 0001:00002140       ?cookBVHStructure@Cooking@physx@@UBE_NABVPxBVHStructureDesc@2@AAVPxOutputStream@2@@Z 10003140 f   Cooking.obj
 0001:000021f0       ?createBVHStructure@Cooking@physx@@UBEPAVPxBVHStructure@2@ABVPxBVHStructureDesc@2@AAVPxPhysicsInsertionCallback@2@@Z 100031f0 f   Cooking.obj
 0001:000022a0       ?cookConvexMeshInternal@Cooking@physx@@ABE_NABVPxConvexMeshDesc@2@AAVConvexMeshBuilder@2@PAVConvexHullLib@2@PAW4Enum@PxConvexMeshCookingResult@2@@Z 100032a0 f   Cooking.obj
 0001:00002470       ?cookTriangleMesh@Cooking@physx@@ABE_NAAVTriangleMeshBuilder@2@ABVPxTriangleMeshDesc@2@AAVPxOutputStream@2@PAW4Enum@PxTriangleMeshCookingResult@2@@Z 10003470 f   Cooking.obj
 0001:000024f0       ?createTriangleMesh@Cooking@physx@@ABEPAVPxTriangleMesh@2@AAVTriangleMeshBuilder@2@ABVPxTriangleMeshDesc@2@AAVPxPhysicsInsertionCallback@2@PAW4Enum@PxTriangleMeshCookingResult@2@@Z 100034f0 f   Cooking.obj
 0001:00002580       ??0DebugText@Cm@physx@@QAE@$$QAU012@@Z 10003580 f i Cooking.obj
 0001:000025d0       ??0DebugText@Cm@physx@@QAE@ABU012@@Z 100035d0 f i Cooking.obj
 0001:00002620       ??0HeightFieldData@Gu@physx@@QAE@$$QAU012@@Z 10003620 f i Cooking.obj
 0001:00002690       ??0HeightFieldData@Gu@physx@@QAE@ABU012@@Z 10003690 f i Cooking.obj
 0001:00002700       ??0HeightFieldData@Gu@physx@@QAE@W4PxEMPTY@2@@Z 10003700 f i Cooking.obj
 0001:00002710       ??0HeightFieldData@Gu@physx@@QAE@XZ 10003710 f i Cooking.obj
 0001:00002720       ??0PxConvexMeshDesc@physx@@QAE@ABV01@@Z 10003720 f i Cooking.obj
 0001:00002770       ??0RenderOutput@Cm@physx@@QAE@AAVRenderBuffer@12@@Z 10003770 f i Cooking.obj
 0001:00002830       ??0RenderOutput@Cm@physx@@QAE@ABV012@@Z 10003830 f i Cooking.obj
 0001:000028e0       ??1HeightFieldData@Gu@physx@@QAE@XZ 100038e0 f i Cooking.obj
 0001:000028f0       ??1PxBase@physx@@MAE@XZ    100038f0 f i Cooking.obj
 0001:00002900       ??1PxConvexMesh@physx@@MAE@XZ 10003900 f i Cooking.obj
 0001:00002910       ??1PxCooking@physx@@MAE@XZ 10003910 f i Cooking.obj
 0001:00002920       ??1PxHeightField@physx@@MAE@XZ 10003920 f i Cooking.obj
 0001:00002930       ??4DebugText@Cm@physx@@QAEAAU012@$$QAU012@@Z 10003930 f i Cooking.obj
 0001:00002990       ??4DebugText@Cm@physx@@QAEAAU012@ABU012@@Z 10003990 f i Cooking.obj
 0001:000029f0       ??4FPUGuard@shdfnd@physx@@QAEAAV012@ABV012@@Z 100039f0 f i Cooking.obj
 0001:00002a10       ??4HeightFieldData@Gu@physx@@QAEAAU012@$$QAU012@@Z 10003a10 f i Cooking.obj
 0001:00002a80       ??4HeightFieldData@Gu@physx@@QAEAAU012@ABU012@@Z 10003a80 f i Cooking.obj
 0001:00002af0       ??_GCooking@physx@@UAEPAXI@Z 10003af0 f i Cooking.obj
 0001:00002af0       ??_ECooking@physx@@UAEPAXI@Z 10003af0 f i Cooking.obj
 0001:00002b30       ??_EPxBase@physx@@MAEPAXI@Z 10003b30 f i Cooking.obj
 0001:00002b30       ??_GPxBase@physx@@MAEPAXI@Z 10003b30 f i Cooking.obj
 0001:00002b60       ??_GPxCooking@physx@@MAEPAXI@Z 10003b60 f i Cooking.obj
 0001:00002b60       ??_EPxCooking@physx@@MAEPAXI@Z 10003b60 f i Cooking.obj
 0001:00002b90       ?allocate@?$Array@UPxDebugLine@physx@@V?$ReflectionAllocator@UPxDebugLine@physx@@@shdfnd@2@@shdfnd@physx@@IAEPAUPxDebugLine@3@I@Z 10003b90 f i Cooking.obj
 0001:00002c00       ?copy@?$Array@UPxDebugLine@physx@@V?$ReflectionAllocator@UPxDebugLine@physx@@@shdfnd@2@@shdfnd@physx@@KAXPAUPxDebugLine@3@0PBU43@@Z 10003c00 f i Cooking.obj
 0001:00002c70       ?getConcreteTypeName@PxConvexMesh@physx@@UBEPBDXZ 10003c70 f i Cooking.obj
 0001:00002c80       ?getConcreteTypeName@PxHeightField@physx@@UBEPBDXZ 10003c80 f i Cooking.obj
 0001:00002c90       ?getConvexEdgeThreshold@HeightField@Gu@physx@@UBEMXZ 10003c90 f i Cooking.obj
 0001:00002ca0       ?getFlags@HeightField@Gu@physx@@UBE?AV?$PxFlags@W4Enum@PxHeightFieldFlag@physx@@G@3@XZ 10003ca0 f i Cooking.obj
 0001:00002cb0       ?getFormat@HeightField@Gu@physx@@UBE?AW4Enum@PxHeightFieldFormat@3@XZ 10003cb0 f i Cooking.obj
 0001:00002cc0       ?getHeight@HeightField@Gu@physx@@UBEMMM@Z 10003cc0 f i Cooking.obj
 0001:00002d20       ?getHeightInternal2@HeightField@Gu@physx@@QBEMIMM@Z 10003d20 f i Cooking.obj
 0001:00002e70       ?getIndexBuffer@ConvexMesh@Gu@physx@@UBEPBEXZ 10003e70 f i Cooking.obj
 0001:00002eb0       ?getNbColumns@HeightField@Gu@physx@@UBEIXZ 10003eb0 f i Cooking.obj
 0001:00002ec0       ?getNbPolygons@ConvexMesh@Gu@physx@@UBEIXZ 10003ec0 f i Cooking.obj
 0001:00002ed0       ?getNbRows@HeightField@Gu@physx@@UBEIXZ 10003ed0 f i Cooking.obj
 0001:00002ee0       ?getNbVertices@ConvexMesh@Gu@physx@@UBEIXZ 10003ee0 f i Cooking.obj
 0001:00002ef0       ?getPaddedBounds@HeightFieldData@Gu@physx@@QBEABVCenterExtentsPadded@23@XZ 10003ef0 f i Cooking.obj
 0001:00002f00       ?getSample@HeightField@Gu@physx@@UBEABUPxHeightFieldSample@3@II@Z 10003f00 f i Cooking.obj
 0001:00002f20       ?getSampleStride@HeightField@Gu@physx@@UBEIXZ 10003f20 f i Cooking.obj
 0001:00002f30       ?getTimestamp@HeightField@Gu@physx@@UBEIXZ 10003f30 f i Cooking.obj
 0001:00002f40       ?getTriangleMaterialIndex@HeightField@Gu@physx@@UBEGI@Z 10003f40 f i Cooking.obj
 0001:00002f70       ?getTriangleNormal@HeightField@Gu@physx@@UBE?AVPxVec3@3@I@Z 10003f70 f i Cooking.obj
 0001:00003060       ?getVertices@ConvexMesh@Gu@physx@@UBEPBVPxVec3@3@XZ 10004060 f i Cooking.obj
 0001:00003070       ?isKindOf@PxBase@physx@@MBE_NPBD@Z 10004070 f i Cooking.obj
 0001:000030c0       ?isKindOf@PxConvexMesh@physx@@MBE_NPBD@Z 100040c0 f i Cooking.obj
 0001:00003140       ?isKindOf@PxHeightField@physx@@MBE_NPBD@Z 10004140 f i Cooking.obj
 0001:000031c0       ?isReleasable@PxBase@physx@@UBE_NXZ 100041c0 f i Cooking.obj
 0001:000031d0       ?outputSegment@RenderOutput@Cm@physx@@QAEXABVPxVec3@3@0@Z 100041d0 f i Cooking.obj
 0001:00003260       ?preExportDataReset@ConvexMesh@Gu@physx@@QAEXXZ 10004260 f i Cooking.obj
 0001:00003270       ?preExportDataReset@HeightField@Gu@physx@@QAEXXZ 10004270 f i Cooking.obj
 0001:00003280       ?recreate@?$Array@UPxDebugLine@physx@@V?$ReflectionAllocator@UPxDebugLine@physx@@@shdfnd@2@@shdfnd@physx@@IAEXI@Z 10004280 f i Cooking.obj
 0001:000032d0       ?reserveSegments@RenderOutput@Cm@physx@@QAEPAUPxDebugLine@3@I@Z 100042d0 f i Cooking.obj
 0001:00003330       ??0ReducedVertexCloud@physx@@QAE@PBVPxVec3@1@I@Z 10004330 f   CookingUtils.obj
 0001:00003360       ??1ReducedVertexCloud@physx@@QAE@XZ 10004360 f   CookingUtils.obj
 0001:000033a0       ?Clean@ReducedVertexCloud@physx@@QAEAAV12@XZ 100043a0 f   CookingUtils.obj
 0001:000033e0       ?Reduce@ReducedVertexCloud@physx@@QAE_NPAUREDUCEDCLOUD@2@@Z 100043e0 f   CookingUtils.obj
 0001:00003680       ??0EdgeList@Gu@physx@@QAE@XZ 10004680 f   EdgeList.obj
 0001:000036b0       ??1EdgeList@Gu@physx@@QAE@XZ 100046b0 f   EdgeList.obj
 0001:00003730       ?load@EdgeList@Gu@physx@@QAE_NAAVPxInputStream@3@@Z 10004730 f   EdgeList.obj
 0001:00003890       ??0EdgeListBuilder@Gu@physx@@QAE@XZ 10004890 f   EdgeList.obj
 0001:000038c0       ??1EdgeListBuilder@Gu@physx@@QAE@XZ 100048c0 f   EdgeList.obj
 0001:000038d0       ?init@EdgeListBuilder@Gu@physx@@QAE_NABUEDGELISTCREATE@23@@Z 100048d0 f   EdgeList.obj
 0001:000039b0       ?createFacesToEdges@EdgeListBuilder@Gu@physx@@AAE_NIPBIPBG@Z 100049b0 f   EdgeList.obj
 0001:00003d70       ?createEdgesToFaces@EdgeListBuilder@Gu@physx@@AAE_NIPBIPBG@Z 10004d70 f   EdgeList.obj
 0001:00003f30       ?computeActiveEdges@EdgeListBuilder@Gu@physx@@AAE_NIPBIPBGPBVPxVec3@3@M@Z 10004f30 f   EdgeList.obj
 0001:00005690       ??$?_UI@@YAPAXIV?$ReflectionAllocator@I@shdfnd@physx@@PBDH@Z 10006690 f i EdgeList.obj
 0001:000056f0       ??0PxVec3@physx@@QAE@XZ    100066f0 f i EdgeList.obj
 0001:00005760       ??0MeshCleaner@physx@@QAE@IPBVPxVec3@1@IPBIM@Z 10006760 f   MeshCleaner.obj
 0001:00005ff0       ??1MeshCleaner@physx@@QAE@XZ 10006ff0 f   MeshCleaner.obj
 0001:00006050       ?createQuantizer@physx@@YAPAVQuantizer@1@XZ 10007050 f   Quantizer.obj
 0001:00006100       ?kmeans_cluster3d@@YAIPBVPxVec3@physx@@IIPAV12@PAIMM@Z 10007100 f   Quantizer.obj
 0001:00006140       ??$kmeans_cluster@VPxVec3@physx@@M@@YAIPBVPxVec3@physx@@IIPAV01@PAIMM@Z 10007140 f i Quantizer.obj
 0001:00006740       ??1Quantizer@physx@@MAE@XZ 10007740 f i Quantizer.obj
 0001:00006750       ??1QuantizerImpl@@EAE@XZ   10007750 f i Quantizer.obj
 0001:000067b0       ??_EQuantizer@physx@@MAEPAXI@Z 100077b0 f i Quantizer.obj
 0001:000067b0       ??_GQuantizer@physx@@MAEPAXI@Z 100077b0 f i Quantizer.obj
 0001:000067e0       ??_GQuantizerImpl@@EAEPAXI@Z 100077e0 f i Quantizer.obj
 0001:000067e0       ??_EQuantizerImpl@@EAEPAXI@Z 100077e0 f i Quantizer.obj
 0001:00006870       ?getDenormalizeCenter@QuantizerImpl@@UBEABVPxVec3@physx@@XZ 10007870 f i Quantizer.obj
 0001:00006880       ?getDenormalizeScale@QuantizerImpl@@UBEABVPxVec3@physx@@XZ 10007880 f i Quantizer.obj
 0001:00006890       ?growAndPushBack@?$Array@VPxVec3@physx@@V?$ReflectionAllocator@VPxVec3@physx@@@shdfnd@2@@shdfnd@physx@@IAEAAVPxVec3@3@ABV43@@Z 10007890 f i Quantizer.obj
 0001:00006a30       ?kmeansQuantize3D@QuantizerImpl@@UAEPBVPxVec3@physx@@IPBV23@I_NIAAI@Z 10007a30 f i Quantizer.obj
 0001:00006c50       ?normalizeInput@QuantizerImpl@@AAEXIPBVPxVec3@physx@@I@Z 10007c50 f i Quantizer.obj
 0001:00006f00       ?release@QuantizerImpl@@UAEXXZ 10007f00 f i Quantizer.obj
 0001:00006f20       ??0BVHStructureBuilder@physx@@QAE@XZ 10007f20 f   BVHStructureBuilder.obj
 0001:00006f50       ??1BVHStructureBuilder@physx@@QAE@XZ 10007f50 f   BVHStructureBuilder.obj
 0001:00006fb0       ?loadFromDesc@BVHStructureBuilder@physx@@QAE_NABVPxBVHStructureDesc@2@@Z 10007fb0 f   BVHStructureBuilder.obj
 0001:000072d0       ?save@BVHStructureBuilder@physx@@QBE_NAAVPxOutputStream@2@_N@Z 100082d0 f   BVHStructureBuilder.obj
 0001:000073e0       ?moveData@BVHStructureBuilder@physx@@QAEXAAUBVHStructureData@Gu@2@@Z 100083e0 f   BVHStructureBuilder.obj
 0001:00007430       ?flatten@@YAXABVNodeAllocator@Gu@physx@@PAUBVHNode@23@@Z 10008430 f   BVHStructureBuilder.obj
 0001:00007590       ??$copy@V?$ReflectionAllocator@USlab@NodeAllocator@Gu@physx@@@shdfnd@physx@@@?$Array@USlab@NodeAllocator@Gu@physx@@V?$ReflectionAllocator@USlab@NodeAllocator@Gu@physx@@@shdfnd@4@@shdfnd@physx@@IAEXABV012@@Z 10008590 f i BVHStructureBuilder.obj
 0001:00007600       ??0AABBTreeBuildNode@Gu@physx@@QAE@ABV012@@Z 10008600 f i BVHStructureBuilder.obj
 0001:00007640       ??0AABBTreeBuildNode@Gu@physx@@QAE@XZ 10008640 f i BVHStructureBuilder.obj
 0001:00007650       ??0AABBTreeBuildParams@Gu@physx@@QAE@IIPBVPxBounds3@2@@Z 10008650 f i BVHStructureBuilder.obj
 0001:00007670       ??0BuildStats@Gu@physx@@QAE@XZ 10008670 f i BVHStructureBuilder.obj
 0001:00007680       ??0NodeAllocator@Gu@physx@@QAE@ABV012@@Z 10008680 f i BVHStructureBuilder.obj
 0001:000076b0       ??1AABBTreeBuildNode@Gu@physx@@QAE@XZ 100086b0 f i BVHStructureBuilder.obj
 0001:000076c0       ??1AABBTreeBuildParams@Gu@physx@@QAE@XZ 100086c0 f i BVHStructureBuilder.obj
 0001:00007700       ??4AABBTreeBuildNode@Gu@physx@@QAEAAV012@ABV012@@Z 10008700 f i BVHStructureBuilder.obj
 0001:00007740       ??4AABBTreeBuildParams@Gu@physx@@QAEAAV012@ABV012@@Z 10008740 f i BVHStructureBuilder.obj
 0001:00007750       ??4BuildStats@Gu@physx@@QAEAAU012@$$QAU012@@Z 10008750 f i BVHStructureBuilder.obj
 0001:00007770       ??4BuildStats@Gu@physx@@QAEAAU012@ABU012@@Z 10008770 f i BVHStructureBuilder.obj
 0001:00007790       ??4NodeAllocator@Gu@physx@@QAEAAV012@ABV012@@Z 10008790 f i BVHStructureBuilder.obj
 0001:00007820       ??_FAABBTreeBuildParams@Gu@physx@@QAEXXZ 10008820 f i BVHStructureBuilder.obj
 0001:00007840       ?__global_array_delete@@YAXPAX@Z 10008840 f i BVHStructureBuilder.obj
 0001:00007850       ?__global_array_delete@@YAXPAXI@Z 10008850 f i BVHStructureBuilder.obj
 0001:00007860       ?__global_delete@@YAXPAX@Z 10008860 f i BVHStructureBuilder.obj
 0001:00007870       ?__global_delete@@YAXPAXI@Z 10008870 f i BVHStructureBuilder.obj
 0001:00007880       ?allocate@?$Array@USlab@NodeAllocator@Gu@physx@@V?$ReflectionAllocator@USlab@NodeAllocator@Gu@physx@@@shdfnd@4@@shdfnd@physx@@IAEPAUSlab@NodeAllocator@Gu@3@I@Z 10008880 f i BVHStructureBuilder.obj
 0001:000078f0       ?getAABB@AABBTreeBuildNode@Gu@physx@@QBEABVPxBounds3@3@XZ 100088f0 f i BVHStructureBuilder.obj
 0001:00007900       ?getCount@BuildStats@Gu@physx@@QBEIXZ 10008900 f i BVHStructureBuilder.obj
 0001:00007910       ?getNbPrimitives@AABBTreeBuildNode@Gu@physx@@QBEIXZ 10008910 f i BVHStructureBuilder.obj
 0001:00007920       ?getNbRuntimePrimitives@AABBTreeBuildNode@Gu@physx@@QBEIXZ 10008920 f i BVHStructureBuilder.obj
 0001:00007930       ?getNeg@AABBTreeBuildNode@Gu@physx@@QBEPBV123@XZ 10008930 f i BVHStructureBuilder.obj
 0001:00007940       ?getPos@AABBTreeBuildNode@Gu@physx@@QBEPBV123@XZ 10008940 f i BVHStructureBuilder.obj
 0001:00007950       ?getPrimitives@AABBTreeBuildNode@Gu@physx@@QAEPAIPAI@Z 10008950 f i BVHStructureBuilder.obj
 0001:00007960       ?getPrimitives@AABBTreeBuildNode@Gu@physx@@QBEPBIPBI@Z 10008960 f i BVHStructureBuilder.obj
 0001:00007970       ?increaseCount@BuildStats@Gu@physx@@QAEXI@Z 10008970 f i BVHStructureBuilder.obj
 0001:00007980       ?isLeaf@AABBTreeBuildNode@Gu@physx@@QBE_NXZ 10008980 f i BVHStructureBuilder.obj
 0001:00007990       ?recreate@?$Array@USlab@NodeAllocator@Gu@physx@@V?$ReflectionAllocator@USlab@NodeAllocator@Gu@physx@@@shdfnd@4@@shdfnd@physx@@IAEXI@Z 10008990 f i BVHStructureBuilder.obj
 0001:00007a00       ?reset@AABBTreeBuildParams@Gu@physx@@QAEXXZ 10008a00 f i BVHStructureBuilder.obj
 0001:00007a40       ?reset@BuildStats@Gu@physx@@QAEXXZ 10008a40 f i BVHStructureBuilder.obj
 0001:00007a50       ?setCount@BuildStats@Gu@physx@@QAEXI@Z 10008a50 f i BVHStructureBuilder.obj
 0001:00007a60       ?setNbRunTimePrimitives@AABBTreeBuildNode@Gu@physx@@QAEXI@Z 10008a60 f i BVHStructureBuilder.obj
 0001:00007a70       ?saveHeightField@physx@@YA_NABVHeightField@Gu@1@AAVPxOutputStream@1@_N@Z 10008a70 f   HeightFieldCooking.obj
 0001:00007c50       ?buildFromTriangles@RTreeCooker@physx@@SAXAAURTree@Gu@2@PBVPxVec3@2@IPBGPBIIAAV?$Array@IV?$ReflectionAllocator@I@shdfnd@physx@@@shdfnd@2@PAURemapCallback@12@MW4Enum@PxMeshCookingHint@2@@Z 10008c50 f   RTreeCooking.obj
 0001:00007e70       ??$partition@UBoundsLTE@physx@@@quickSelect@physx@@YAIPIAIIIIABUBoundsLTE@1@@Z 10008e70 f i RTreeCooking.obj
 0001:00007ef0       ??$quickSelectFirstK@UBoundsLTE@physx@@@quickSelect@physx@@YAXPIAIIIIABUBoundsLTE@1@@Z 10008ef0 f i RTreeCooking.obj
 0001:00007fc0       ??$sort@I@shdfnd@physx@@YAXPAII@Z 10008fc0 f i RTreeCooking.obj
 0001:00007ff0       ??$sort@IU?$Less@I@shdfnd@physx@@V?$ReflectionAllocator@I@23@@shdfnd@physx@@YAXPAIIABU?$Less@I@01@ABV?$ReflectionAllocator@I@01@I@Z 10008ff0 f i RTreeCooking.obj
 0001:00008360       ??$sort@IUSortBoundsPredicate@physx@@@shdfnd@physx@@YAXPAIIABUSortBoundsPredicate@1@@Z 10009360 f i RTreeCooking.obj
 0001:00008380       ??$sort@IUSortBoundsPredicate@physx@@V?$ReflectionAllocator@I@shdfnd@2@@shdfnd@physx@@YAXPAIIABUSortBoundsPredicate@1@ABV?$ReflectionAllocator@I@01@I@Z 10009380 f i RTreeCooking.obj
 0001:00008850       ?allocate@?$Array@UInterval@physx@@V?$InlineAllocator@$0CAAA@V?$ReflectionAllocator@UInterval@physx@@@shdfnd@physx@@@shdfnd@2@@shdfnd@physx@@IAEPAUInterval@3@I@Z 10009850 f i RTreeCooking.obj
 0001:000088e0       ?allocate@?$Array@UPxBounds3V@physx@@V?$ReflectionAllocator@UPxBounds3V@physx@@@shdfnd@2@@shdfnd@physx@@IAEPAUPxBounds3V@3@I@Z 100098e0 f i RTreeCooking.obj
 0001:00008950       ?allocate@?$Array@URTreeNodeNQ@physx@@V?$ReflectionAllocator@URTreeNodeNQ@physx@@@shdfnd@2@@shdfnd@physx@@IAEPAURTreeNodeNQ@3@I@Z 10009950 f i RTreeCooking.obj
 0001:000089c0       ?allocate@?$Array@URTreeNodeQ@Gu@physx@@V?$ReflectionAllocator@URTreeNodeQ@Gu@physx@@@shdfnd@3@@shdfnd@physx@@IAEPAURTreeNodeQ@Gu@3@I@Z 100099c0 f i RTreeCooking.obj
 0001:00008a30       ?allocate@?$Array@VPxVec3@physx@@V?$ReflectionAllocator@VPxVec3@physx@@@shdfnd@2@@shdfnd@physx@@IAEPAVPxVec3@3@I@Z 10009a30 f i RTreeCooking.obj
 0001:00008aa0       ?allocate@?$ReflectionAllocator@I@shdfnd@physx@@QAEPAXIPBDH@Z 10009aa0 f i RTreeCooking.obj
 0001:00009710       ?copy@?$Array@URTreeNodeNQ@physx@@V?$ReflectionAllocator@URTreeNodeNQ@physx@@@shdfnd@2@@shdfnd@physx@@KAXPAURTreeNodeNQ@3@0PBU43@@Z 1000a710 f i RTreeCooking.obj
 0001:00009780       ?copy@?$Array@VPxVec3@physx@@V?$ReflectionAllocator@VPxVec3@physx@@@shdfnd@2@@shdfnd@physx@@KAXPAVPxVec3@3@0PBV43@@Z 1000a780 f i RTreeCooking.obj
 0001:00009840       ?growAndPushBack@?$Array@IV?$ReflectionAllocator@I@shdfnd@physx@@@shdfnd@physx@@IAEAAIABI@Z 1000a840 f i RTreeCooking.obj
 0001:00009900       ?growAndPushBack@?$Array@UInterval@physx@@V?$InlineAllocator@$0CAAA@V?$ReflectionAllocator@UInterval@physx@@@shdfnd@physx@@@shdfnd@2@@shdfnd@physx@@IAEAAUInterval@3@ABU43@@Z 1000a900 f i RTreeCooking.obj
 0001:000099f0       ?growAndPushBack@?$Array@UPxBounds3V@physx@@V?$ReflectionAllocator@UPxBounds3V@physx@@@shdfnd@2@@shdfnd@physx@@IAEAAUPxBounds3V@3@ABU43@@Z 1000a9f0 f i RTreeCooking.obj
 0001:00009aa0       ?growAndPushBack@?$Array@URTreeNodeNQ@physx@@V?$ReflectionAllocator@URTreeNodeNQ@physx@@@shdfnd@2@@shdfnd@physx@@IAEAAURTreeNodeNQ@3@ABU43@@Z 1000aaa0 f i RTreeCooking.obj
 0001:00009b50       ?growAndPushBack@?$Array@URTreeNodeQ@Gu@physx@@V?$ReflectionAllocator@URTreeNodeQ@Gu@physx@@@shdfnd@3@@shdfnd@physx@@IAEAAURTreeNodeQ@Gu@3@ABU453@@Z 1000ab50 f i RTreeCooking.obj
 0001:00009c20       ?recreate@?$Array@IV?$ReflectionAllocator@I@shdfnd@physx@@@shdfnd@physx@@IAEXI@Z 1000ac20 f i RTreeCooking.obj
 0001:00009ce0       ?recreate@?$Array@UPxBounds3V@physx@@V?$ReflectionAllocator@UPxBounds3V@physx@@@shdfnd@2@@shdfnd@physx@@IAEXI@Z 1000ace0 f i RTreeCooking.obj
 0001:00009d60       ?recreate@?$Array@URTreeNodeNQ@physx@@V?$ReflectionAllocator@URTreeNodeNQ@physx@@@shdfnd@2@@shdfnd@physx@@IAEXI@Z 1000ad60 f i RTreeCooking.obj
 0001:00009db0       ?recreate@?$Array@URTreeNodeQ@Gu@physx@@V?$ReflectionAllocator@URTreeNodeQ@Gu@physx@@@shdfnd@3@@shdfnd@physx@@IAEXI@Z 1000adb0 f i RTreeCooking.obj
 0001:00009e50       ?recreate@?$Array@VPxVec3@physx@@V?$ReflectionAllocator@VPxVec3@physx@@@shdfnd@2@@shdfnd@physx@@IAEXI@Z 1000ae50 f i RTreeCooking.obj
 0001:00009ea0       ?resize@?$Array@IV?$ReflectionAllocator@I@shdfnd@physx@@@shdfnd@physx@@QAEXIABI@Z 1000aea0 f i RTreeCooking.obj
 0001:00009f60       ?resizeUninitialized@?$Array@URTreeNodeNQ@physx@@V?$ReflectionAllocator@URTreeNodeNQ@physx@@@shdfnd@2@@shdfnd@physx@@QAEXI@Z 1000af60 f i RTreeCooking.obj
 0001:00009f90       ?sort4@SubSortQuick@physx@@QAEXPIAIIAAV?$Array@URTreeNodeNQ@physx@@V?$ReflectionAllocator@URTreeNodeNQ@physx@@@shdfnd@2@@shdfnd@2@AAIAAUPxBounds3V@2@I@Z 1000af90 f i RTreeCooking.obj
 0001:0000a3a0       ?sort4@SubSortSAH@physx@@QAEXPAIIAAV?$Array@URTreeNodeNQ@physx@@V?$ReflectionAllocator@URTreeNodeNQ@physx@@@shdfnd@2@@shdfnd@2@AAIIPAURTreeNodeNQ@2@@Z 1000b3a0 f i RTreeCooking.obj
 0001:0000ab80       ?split@SubSortSAH@physx@@QAEIPAII@Z 1000bb80 f i RTreeCooking.obj
 0001:0000afc0       ?computeLocalBounds@MeshBulider@physx@@IAEXAAVMeshDataBase@Gu@2@@Z 1000bfc0 f   MeshBuilder.obj
 0001:0000b040       ??0TriangleMeshBuilder@physx@@QAE@AAVTriangleMeshData@Gu@1@ABUPxCookingParams@1@@Z 1000c040 f   TriangleMeshBuilder.obj
 0001:0000b060       ??1TriangleMeshBuilder@physx@@UAE@XZ 1000c060 f   TriangleMeshBuilder.obj
 0001:0000b090       ?cleanMesh@TriangleMeshBuilder@physx@@QAE_N_NPAW4Enum@PxTriangleMeshCookingResult@2@@Z 1000c090 f   TriangleMeshBuilder.obj
 0001:0000b480       ?remapTopology@TriangleMeshBuilder@physx@@QAEXPBI@Z 1000c480 f   TriangleMeshBuilder.obj
 0001:0000b6d0       ?createSharedEdgeData@TriangleMeshBuilder@physx@@QAEX_N0@Z 1000c6d0 f   TriangleMeshBuilder.obj
 0001:0000ba90       ?recordTriangleIndices@TriangleMeshBuilder@physx@@QAEXXZ 1000ca90 f   TriangleMeshBuilder.obj
 0001:0000bb10       ?createGRBMidPhaseAndData@TriangleMeshBuilder@physx@@QAEXI@Z 1000cb10 f   TriangleMeshBuilder.obj
 0001:0000bdf0       ?createGRBData@TriangleMeshBuilder@physx@@QAEXXZ 1000cdf0 f   TriangleMeshBuilder.obj
 0001:0000be90       ?loadFromDesc@TriangleMeshBuilder@physx@@QAE_NABVPxTriangleMeshDesc@2@PAW4Enum@PxTriangleMeshCookingResult@2@_N@Z 1000ce90 f   TriangleMeshBuilder.obj
 0001:0000c1b0       ?save@TriangleMeshBuilder@physx@@QBE_NAAVPxOutputStream@2@_NABUPxCookingParams@2@@Z 1000d1b0 f   TriangleMeshBuilder.obj
 0001:0000c6c0       ?checkMeshIndicesSize@TriangleMeshBuilder@physx@@QAEXXZ 1000d6c0 f   TriangleMeshBuilder.obj
 0001:0000c770       ?importMesh@TriangleMeshBuilder@physx@@IAE_NABVPxTriangleMeshDesc@2@ABUPxCookingParams@2@PAW4Enum@PxTriangleMeshCookingResult@2@_N@Z 1000d770 f   TriangleMeshBuilder.obj
 0001:0000c9f0       ?releaseEdgeList@TriangleMeshBuilder@physx@@IAEXXZ 1000d9f0 f   TriangleMeshBuilder.obj
 0001:0000ca20       ?createEdgeList@TriangleMeshBuilder@physx@@IAEXXZ 1000da20 f   TriangleMeshBuilder.obj
 0001:0000cb00       ??0RTreeTriangleMeshBuilder@physx@@QAE@ABUPxCookingParams@1@@Z 1000db00 f   TriangleMeshBuilder.obj
 0001:0000cb70       ??1RTreeTriangleMeshBuilder@physx@@UAE@XZ 1000db70 f   TriangleMeshBuilder.obj
 0001:0000cbf0       ?createMidPhaseStructure@RTreeTriangleMeshBuilder@physx@@UAEXXZ 1000dbf0 f   TriangleMeshBuilder.obj
 0001:0000ccb0       ?saveMidPhaseStructure@RTreeTriangleMeshBuilder@physx@@UBEXAAVPxOutputStream@2@_N@Z 1000dcb0 f   TriangleMeshBuilder.obj
 0001:0000ce40       ??0BV4TriangleMeshBuilder@physx@@QAE@ABUPxCookingParams@1@@Z 1000de40 f   TriangleMeshBuilder.obj
 0001:0000ce90       ??1BV4TriangleMeshBuilder@physx@@UAE@XZ 1000de90 f   TriangleMeshBuilder.obj
 0001:0000cef0       ?createMidPhaseStructure@BV4TriangleMeshBuilder@physx@@UAEXXZ 1000def0 f   TriangleMeshBuilder.obj
 0001:0000d0f0       ?saveMidPhaseStructure@BV4TriangleMeshBuilder@physx@@UBEXAAVPxOutputStream@2@_N@Z 1000e0f0 f   TriangleMeshBuilder.obj
 0001:0000d290       ?onMeshIndexFormatChange@BV4TriangleMeshBuilder@physx@@UAEXXZ 1000e290 f   TriangleMeshBuilder.obj
 0001:0000d2d0       ?createMidPhaseStructure@BV32TriangleMeshBuilder@physx@@SAXABUPxCookingParams@2@AAVTriangleMeshData@Gu@2@AAVBV32Tree@52@@Z 1000e2d0 f   TriangleMeshBuilder.obj
 0001:0000d400       ?saveMidPhaseStructure@BV32TriangleMeshBuilder@physx@@SAXPAVBV32Tree@Gu@2@AAVPxOutputStream@2@_N@Z 1000e400 f   TriangleMeshBuilder.obj
 0001:0000d560       ?findSharpVertices@GrbTrimeshCookerHelper@physx@@YAXAAV?$Array@USortedNeighbor@GrbTrimeshCookerHelper@physx@@V?$ReflectionAllocator@USortedNeighbor@GrbTrimeshCookerHelper@physx@@@shdfnd@3@@shdfnd@2@AAV?$Array@USharpEdgeRange@GrbTrimeshCookerHelper@physx@@V?$ReflectionAllocator@USharpEdgeRange@GrbTrimeshCookerHelper@physx@@@shdfnd@3@@42@PBUuint3@2@PBUuint4@2@II@Z 1000e560 f   TriangleMeshBuilder.obj
 0001:0000d8c0       ?buildVertexConnectionNew_p1@GrbTrimeshCookerHelper@physx@@YAIAAV?$Array@USortedNeighbor@GrbTrimeshCookerHelper@physx@@V?$ReflectionAllocator@USortedNeighbor@GrbTrimeshCookerHelper@physx@@@shdfnd@3@@shdfnd@2@AAV?$Array@USharpEdgeRange@GrbTrimeshCookerHelper@physx@@V?$ReflectionAllocator@USharpEdgeRange@GrbTrimeshCookerHelper@physx@@@shdfnd@3@@42@PBUuint3@2@PBUuint4@2@II@Z 1000e8c0 f   TriangleMeshBuilder.obj
 0001:0000d9d0       ?buildVertexConnectionNew_p2@GrbTrimeshCookerHelper@physx@@YAXPAI00AAV?$Array@USortedNeighbor@GrbTrimeshCookerHelper@physx@@V?$ReflectionAllocator@USortedNeighbor@GrbTrimeshCookerHelper@physx@@@shdfnd@3@@shdfnd@2@AAV?$Array@USharpEdgeRange@GrbTrimeshCookerHelper@physx@@V?$ReflectionAllocator@USharpEdgeRange@GrbTrimeshCookerHelper@physx@@@shdfnd@3@@42@I@Z 1000e9d0 f   TriangleMeshBuilder.obj
 0001:0000da50       ??$?_UG@@YAPAXIV?$ReflectionAllocator@G@shdfnd@physx@@PBDH@Z 1000ea50 f i TriangleMeshBuilder.obj
 0001:0000dab0       ??$sort@UEdgeTriLookup@physx@@@shdfnd@physx@@YAXPAUEdgeTriLookup@1@I@Z 1000eab0 f i TriangleMeshBuilder.obj
 0001:0000dad0       ??$sort@UEdgeTriLookup@physx@@U?$Less@UEdgeTriLookup@physx@@@shdfnd@2@V?$ReflectionAllocator@UEdgeTriLookup@physx@@@42@@shdfnd@physx@@YAXPAUEdgeTriLookup@1@IABU?$Less@UEdgeTriLookup@physx@@@01@ABV?$ReflectionAllocator@UEdgeTriLookup@physx@@@01@I@Z 1000ead0 f i TriangleMeshBuilder.obj
 0001:0000df50       ??$sort@USortedNeighbor@GrbTrimeshCookerHelper@physx@@@shdfnd@physx@@YAXPAUSortedNeighbor@GrbTrimeshCookerHelper@1@I@Z 1000ef50 f i TriangleMeshBuilder.obj
 0001:0000df70       ??$sort@USortedNeighbor@GrbTrimeshCookerHelper@physx@@U?$Less@USortedNeighbor@GrbTrimeshCookerHelper@physx@@@shdfnd@3@V?$ReflectionAllocator@USortedNeighbor@GrbTrimeshCookerHelper@physx@@@53@@shdfnd@physx@@YAXPAUSortedNeighbor@GrbTrimeshCookerHelper@1@IABU?$Less@USortedNeighbor@GrbTrimeshCookerHelper@physx@@@01@ABV?$ReflectionAllocator@USortedNeighbor@GrbTrimeshCookerHelper@physx@@@01@I@Z 1000ef70 f i TriangleMeshBuilder.obj
 0001:0000e460       ??0PxVec4@physx@@QAE@XZ    1000f460 f i TriangleMeshBuilder.obj
 0001:0000e470       ??0TriangleMeshData@Gu@physx@@QAE@XZ 1000f470 f i TriangleMeshBuilder.obj
 0001:0000e510       ??1BV4TriangleData@Gu@physx@@UAE@XZ 1000f510 f i TriangleMeshBuilder.obj
 0001:0000e540       ??1MeshDataBase@Gu@physx@@UAE@XZ 1000f540 f i TriangleMeshBuilder.obj
 0001:0000e5f0       ??1RTreeTriangleData@Gu@physx@@UAE@XZ 1000f5f0 f i TriangleMeshBuilder.obj
 0001:0000e640       ??1RemapCallback@RTreeCooker@physx@@UAE@XZ 1000f640 f i TriangleMeshBuilder.obj
 0001:0000e650       ??1TriangleMeshData@Gu@physx@@UAE@XZ 1000f650 f i TriangleMeshBuilder.obj
 0001:0000e6d0       ??_EBV4TriangleData@Gu@physx@@UAEPAXI@Z 1000f6d0 f i TriangleMeshBuilder.obj
 0001:0000e6d0       ??_GBV4TriangleData@Gu@physx@@UAEPAXI@Z 1000f6d0 f i TriangleMeshBuilder.obj
 0001:0000e730       ??_EBV4TriangleMeshBuilder@physx@@UAEPAXI@Z 1000f730 f i TriangleMeshBuilder.obj
 0001:0000e730       ??_GBV4TriangleMeshBuilder@physx@@UAEPAXI@Z 1000f730 f i TriangleMeshBuilder.obj
 0001:0000e7a0       ??_GMeshDataBase@Gu@physx@@UAEPAXI@Z 1000f7a0 f i TriangleMeshBuilder.obj
 0001:0000e7a0       ??_EMeshDataBase@Gu@physx@@UAEPAXI@Z 1000f7a0 f i TriangleMeshBuilder.obj
 0001:0000e7e0       ??_ERTreeCookerRemap@physx@@UAEPAXI@Z 1000f7e0 f i TriangleMeshBuilder.obj
 0001:0000e7e0       ??_GRTreeCookerRemap@physx@@UAEPAXI@Z 1000f7e0 f i TriangleMeshBuilder.obj
 0001:0000e810       ??_ERTreeTriangleData@Gu@physx@@UAEPAXI@Z 1000f810 f i TriangleMeshBuilder.obj
 0001:0000e810       ??_GRTreeTriangleData@Gu@physx@@UAEPAXI@Z 1000f810 f i TriangleMeshBuilder.obj
 0001:0000e890       ??_GRTreeTriangleMeshBuilder@physx@@UAEPAXI@Z 1000f890 f i TriangleMeshBuilder.obj
 0001:0000e890       ??_ERTreeTriangleMeshBuilder@physx@@UAEPAXI@Z 1000f890 f i TriangleMeshBuilder.obj
 0001:0000e920       ??_GRemapCallback@RTreeCooker@physx@@UAEPAXI@Z 1000f920 f i TriangleMeshBuilder.obj
 0001:0000e920       ??_ERemapCallback@RTreeCooker@physx@@UAEPAXI@Z 1000f920 f i TriangleMeshBuilder.obj
 0001:0000e950       ??_ETriangleMeshBuilder@physx@@UAEPAXI@Z 1000f950 f i TriangleMeshBuilder.obj
 0001:0000e950       ??_GTriangleMeshBuilder@physx@@UAEPAXI@Z 1000f950 f i TriangleMeshBuilder.obj
 0001:0000e9a0       ??_ETriangleMeshData@Gu@physx@@UAEPAXI@Z 1000f9a0 f i TriangleMeshBuilder.obj
 0001:0000e9a0       ??_GTriangleMeshData@Gu@physx@@UAEPAXI@Z 1000f9a0 f i TriangleMeshBuilder.obj
 0001:0000e9e0       ?allocate@?$ReflectionAllocator@USortedNeighbor@GrbTrimeshCookerHelper@physx@@@shdfnd@physx@@QAEPAXIPBDH@Z 1000f9e0 f i TriangleMeshBuilder.obj
 0001:0000ea40       ?allocateTriangles@TriangleMeshData@Gu@physx@@QAEPAXI_NI@Z 1000fa40 f i TriangleMeshBuilder.obj
 0001:0000f000       ?getMidphaseID@BV4TriangleMeshBuilder@physx@@UBE?AW4Enum@PxMeshMidPhase@2@XZ 10010000 f i TriangleMeshBuilder.obj
 0001:0000f010       ?getMidphaseID@RTreeTriangleMeshBuilder@physx@@UBE?AW4Enum@PxMeshMidPhase@2@XZ 10010010 f i TriangleMeshBuilder.obj
 0001:0000f020       ?growAndPushBack@?$Array@USortedNeighbor@GrbTrimeshCookerHelper@physx@@V?$ReflectionAllocator@USortedNeighbor@GrbTrimeshCookerHelper@physx@@@shdfnd@3@@shdfnd@physx@@IAEAAUSortedNeighbor@GrbTrimeshCookerHelper@3@ABU453@@Z 10010020 f i TriangleMeshBuilder.obj
 0001:0000f0e0       ?onMeshIndexFormatChange@TriangleMeshBuilder@physx@@UAEXXZ 100100e0 f i TriangleMeshBuilder.obj
 0001:0000f0f0       ?recreate@?$Array@USharpEdgeRange@GrbTrimeshCookerHelper@physx@@V?$ReflectionAllocator@USharpEdgeRange@GrbTrimeshCookerHelper@physx@@@shdfnd@3@@shdfnd@physx@@IAEXI@Z 100100f0 f i TriangleMeshBuilder.obj
 0001:0000f1f0       ?recreate@?$Array@USortedNeighbor@GrbTrimeshCookerHelper@physx@@V?$ReflectionAllocator@USortedNeighbor@GrbTrimeshCookerHelper@physx@@@shdfnd@3@@shdfnd@physx@@IAEXI@Z 100101f0 f i TriangleMeshBuilder.obj
 0001:0000f280       ?remap@RTreeCookerRemap@physx@@UAEXPAIII@Z 10010280 f i TriangleMeshBuilder.obj
 0001:0000f2a0       ?resize@?$Array@USharpEdgeRange@GrbTrimeshCookerHelper@physx@@V?$ReflectionAllocator@USharpEdgeRange@GrbTrimeshCookerHelper@physx@@@shdfnd@3@@shdfnd@physx@@QAEXIABUSharpEdgeRange@GrbTrimeshCookerHelper@3@@Z 100102a0 f i TriangleMeshBuilder.obj
 0001:0000f300       ?resizeUninitialized@?$Array@USortedNeighbor@GrbTrimeshCookerHelper@physx@@V?$ReflectionAllocator@USortedNeighbor@GrbTrimeshCookerHelper@physx@@@shdfnd@3@@shdfnd@physx@@QAEXI@Z 10010300 f i TriangleMeshBuilder.obj
 0001:0000f330       ??0BigConvexDataBuilder@physx@@QAE@PBUConvexHullData@Gu@1@PAVBigConvexData@1@PBVPxVec3@1@@Z 10010330 f   BigConvexDataBuilder.obj
 0001:0000f350       ??1BigConvexDataBuilder@physx@@QAE@XZ 10010350 f   BigConvexDataBuilder.obj
 0001:0000f360       ?precompute@BigConvexDataBuilder@physx@@QAE_NI@Z 10010360 f   BigConvexDataBuilder.obj
 0001:0000fce0       ?initialize@BigConvexDataBuilder@physx@@QAE_NXZ 10010ce0 f   BigConvexDataBuilder.obj
 0001:0000fd50       ?save@BigConvexDataBuilder@physx@@QBE_NAAVPxOutputStream@2@_N@Z 10010d50 f   BigConvexDataBuilder.obj
 0001:0000ff00       ?computeValencies@BigConvexDataBuilder@physx@@QAE_NABVConvexHullBuilder@2@@Z 10010f00 f   BigConvexDataBuilder.obj
 0001:00010270       ?saveValencies@BigConvexDataBuilder@physx@@QBE_NAAVPxOutputStream@2@_N@Z 10011270 f   BigConvexDataBuilder.obj
 0001:000103a0       ??0BigConvexData@physx@@QAE@W4PxEMPTY@1@@Z 100113a0 f i BigConvexDataBuilder.obj
 0001:000103b0       ??4BigConvexData@physx@@QAEAAV01@ABV01@@Z 100113b0 f i BigConvexDataBuilder.obj
 0001:000103d0       ?GetAdjacentVerts@BigConvexData@physx@@QBEPBEXZ 100113d0 f i BigConvexDataBuilder.obj
 0001:000103e0       ?GetNbNeighbors@BigConvexData@physx@@QBEGI@Z 100113e0 f i BigConvexDataBuilder.obj
 0001:000103f0       ?GetNbSamples@BigConvexData@physx@@QBEIXZ 100113f0 f i BigConvexDataBuilder.obj
 0001:00010400       ?GetNbVerts@BigConvexData@physx@@QBEIXZ 10011400 f i BigConvexDataBuilder.obj
 0001:00010410       ?GetNeighbors@BigConvexData@physx@@QBEPBEI@Z 10011410 f i BigConvexDataBuilder.obj
 0001:00010430       ?GetOffset@BigConvexData@physx@@QBEGI@Z 10011430 f i BigConvexDataBuilder.obj
 0001:00010440       ?GetSubdiv@BigConvexData@physx@@QBEIXZ 10011440 f i BigConvexDataBuilder.obj
 0001:00010450       ?GetValencies@BigConvexData@physx@@QBEPBUValency@Gu@2@XZ 10011450 f i BigConvexDataBuilder.obj
 0001:00010460       ?GetValency@BigConvexData@physx@@QBEGI@Z 10011460 f i BigConvexDataBuilder.obj
 0001:00010470       ??0ConvexHullBuilder@physx@@QAE@PAUConvexHullData@Gu@1@_N@Z 10011470 f   ConvexHullBuilder.obj
 0001:000104c0       ??1ConvexHullBuilder@physx@@QAE@XZ 100114c0 f   ConvexHullBuilder.obj
 0001:00010590       ?init@ConvexHullBuilder@physx@@QAE_NIPBVPxVec3@2@PBIIIPBUPxHullPolygon@2@_NPAVConvexHullLib@2@@Z 10011590 f   ConvexHullBuilder.obj
 0001:000108e0       ?save@ConvexHullBuilder@physx@@QBE_NAAVPxOutputStream@2@_N@Z 100118e0 f   ConvexHullBuilder.obj
 0001:00010b70       ?copy@ConvexHullBuilder@physx@@QAE_NAAUConvexHullData@Gu@2@AAI@Z 10011b70 f   ConvexHullBuilder.obj
 0001:00010da0       ?createEdgeList@ConvexHullBuilder@physx@@QAE_N_NI@Z 10011da0 f   ConvexHullBuilder.obj
 0001:00011510       ?checkHullPolygons@ConvexHullBuilder@physx@@QBE_NXZ 10012510 f   ConvexHullBuilder.obj
 0001:00011910       ?calculateVertexMapTable@ConvexHullBuilder@physx@@QAE_NI_N@Z 10012910 f   ConvexHullBuilder.obj
 0001:00011ad0       ?computeGeomCenter@ConvexHullBuilder@physx@@IBE_NAAVPxVec3@2@IPAUHullTriangleData@2@@Z 10012ad0 f   ConvexHullBuilder.obj
 0001:00011d10       ??1ConvexHullLib@physx@@UAE@XZ 10012d10 f   ConvexHullLib.obj
 0001:00011d50       ?cleanupVertices@ConvexHullLib@physx@@IAE_NIPBVPxVec3@2@IAAIPAV32@AAV32@3@Z 10012d50 f   ConvexHullLib.obj
 0001:00012110       ?shiftAndcleanupVertices@ConvexHullLib@physx@@IAE_NIPBVPxVec3@2@IAAIPAV32@AAV32@3@Z 10013110 f   ConvexHullLib.obj
 0001:000122c0       ?swapLargestFace@ConvexHullLib@physx@@IAEXAAVPxConvexMeshDesc@2@@Z 100132c0 f   ConvexHullLib.obj
 0001:00012490       ?shiftConvexMeshDesc@ConvexHullLib@physx@@IAEXAAVPxConvexMeshDesc@2@@Z 10013490 f   ConvexHullLib.obj
 0001:00012530       ??_EConvexHullLib@physx@@UAEPAXI@Z 10013530 f i ConvexHullLib.obj
 0001:00012530       ??_GConvexHullLib@physx@@UAEPAXI@Z 10013530 f i ConvexHullLib.obj
 0001:000128b0       ??0ConvexHull@physx@@QAE@ABVPxVec3@1@0ABV?$Array@VPxPlane@physx@@V?$ReflectionAllocator@VPxPlane@physx@@@shdfnd@2@@shdfnd@1@@Z 100138b0 f   ConvexHullUtils.obj
 0001:00013350       ??0ConvexHull@physx@@QAE@ABVPxVec3@1@ABVPxTransform@1@ABV?$Array@VPxPlane@physx@@V?$ReflectionAllocator@VPxPlane@physx@@@shdfnd@2@@shdfnd@1@@Z 10014350 f   ConvexHullUtils.obj
 0001:000146b0       ?findCandidatePlane@ConvexHull@physx@@QBEHMM@Z 100156b0 f   ConvexHullUtils.obj
 0001:00014930       ?assertIntact@ConvexHull@physx@@QBE_NM@Z 10015930 f   ConvexHullUtils.obj
 0001:00014c10       ?maxNumVertsPerFace@ConvexHull@physx@@QBEIXZ 10015c10 f   ConvexHullUtils.obj
 0001:00014c90       ?convexHullCrop@physx@@YAPAVConvexHull@1@ABV21@ABVPxPlane@1@M@Z 10015c90 f   ConvexHullUtils.obj
 0001:00015d70       ?computeOBBFromConvex@physx@@YA_NABVPxConvexMeshDesc@1@AAVPxVec3@1@AAVPxTransform@1@@Z 10016d70 f   ConvexHullUtils.obj
 0001:000164e0       ?computeOBBSIMD@local@@YAXIPBT__m128@@AAT2@ABT2@1@Z 100174e0 f   ConvexHullUtils.obj
 0001:000166b0       ??0Box@Gu@physx@@QAE@ABV012@@Z 100176b0 f i ConvexHullUtils.obj
 0001:00016720       ??0Box@Gu@physx@@QAE@ABVPxVec3@2@0ABVPxMat33@2@@Z 10017720 f i ConvexHullUtils.obj
 0001:00016790       ??0Box@Gu@physx@@QAE@XZ    10017790 f i ConvexHullUtils.obj
 0001:000167a0       ??0HalfEdge@ConvexHull@physx@@QAE@XZ 100177a0 f i ConvexHullUtils.obj
 0001:000167b0       ??0PxPlane@physx@@QAE@XZ   100177b0 f i ConvexHullUtils.obj
 0001:000167c0       ??0PxQuat@physx@@QAE@ABVPxMat33@1@@Z 100177c0 f i ConvexHullUtils.obj
 0001:00016990       ??1Box@Gu@physx@@QAE@XZ    10017990 f i ConvexHullUtils.obj
 0001:000169a0       ??4Box@Gu@physx@@QAEABV012@ABV012@@Z 100179a0 f i ConvexHullUtils.obj
 0001:00016a10       ?allocate@?$Array@VHalfEdge@ConvexHull@physx@@V?$ReflectionAllocator@VHalfEdge@ConvexHull@physx@@@shdfnd@3@@shdfnd@physx@@IAEPAVHalfEdge@ConvexHull@3@I@Z 10017a10 f i ConvexHullUtils.obj
 0001:00016a80       ?allocate@?$Array@VPxPlane@physx@@V?$ReflectionAllocator@VPxPlane@physx@@@shdfnd@2@@shdfnd@physx@@IAEPAVPxPlane@3@I@Z 10017a80 f i ConvexHullUtils.obj
 0001:00016af0       ?computeAABBExtent@Box@Gu@physx@@QBE?AVPxVec3@3@XZ 10017af0 f i ConvexHullUtils.obj
 0001:00016ba0       ?computeBoxPoints@Box@Gu@physx@@QBEXPIAVPxVec3@3@@Z 10017ba0 f i ConvexHullUtils.obj
 0001:00016bc0       ?copy@?$Array@VPxPlane@physx@@V?$ReflectionAllocator@VPxPlane@physx@@@shdfnd@2@@shdfnd@physx@@KAXPAVPxPlane@3@0PBV43@@Z 10017bc0 f i ConvexHullUtils.obj
 0001:00016c10       ?getInverse@PxMat33@physx@@QBE?BV12@XZ 10017c10 f i ConvexHullUtils.obj
 0001:00016e60       ?getTransform@Box@Gu@physx@@QBE?AVPxTransform@3@XZ 10017e60 f i ConvexHullUtils.obj
 0001:00016eb0       ?growAndPushBack@?$Array@VHalfEdge@ConvexHull@physx@@V?$ReflectionAllocator@VHalfEdge@ConvexHull@physx@@@shdfnd@3@@shdfnd@physx@@IAEAAVHalfEdge@ConvexHull@3@ABV453@@Z 10017eb0 f i ConvexHullUtils.obj
 0001:00016f60       ?growAndPushBack@?$Array@VPxPlane@physx@@V?$ReflectionAllocator@VPxPlane@physx@@@shdfnd@2@@shdfnd@physx@@IAEAAVPxPlane@3@ABV43@@Z 10017f60 f i ConvexHullUtils.obj
 0001:00016ff0       ?isValid@Box@Gu@physx@@QBE_NXZ 10017ff0 f i ConvexHullUtils.obj
 0001:00017010       ?recreate@?$Array@VHalfEdge@ConvexHull@physx@@V?$ReflectionAllocator@VHalfEdge@ConvexHull@physx@@@shdfnd@3@@shdfnd@physx@@IAEXI@Z 10018010 f i ConvexHullUtils.obj
 0001:000170a0       ?recreate@?$Array@VPxPlane@physx@@V?$ReflectionAllocator@VPxPlane@physx@@@shdfnd@2@@shdfnd@physx@@IAEXI@Z 100180a0 f i ConvexHullUtils.obj
 0001:000170f0       ?resize@?$Array@VHalfEdge@ConvexHull@physx@@V?$ReflectionAllocator@VHalfEdge@ConvexHull@physx@@@shdfnd@3@@shdfnd@physx@@QAEXIABVHalfEdge@ConvexHull@3@@Z 100180f0 f i ConvexHullUtils.obj
 0001:00017190       ?resize@?$Array@VPxPlane@physx@@V?$ReflectionAllocator@VPxPlane@physx@@@shdfnd@2@@shdfnd@physx@@QAEXIABVPxPlane@3@@Z 10018190 f i ConvexHullUtils.obj
 0001:00017290       ?resize@?$Array@VPxVec3@physx@@V?$ReflectionAllocator@VPxVec3@physx@@@shdfnd@2@@shdfnd@physx@@QAEXIABVPxVec3@3@@Z 10018290 f i ConvexHullUtils.obj
 0001:00017360       ?rotate@Box@Gu@physx@@QBE?AVPxVec3@3@ABV43@@Z 10018360 f i ConvexHullUtils.obj
 0001:000173f0       ?rotateInv@Box@Gu@physx@@QBE?AVPxVec3@3@ABV43@@Z 100183f0 f i ConvexHullUtils.obj
 0001:00017480       ?setAxes@Box@Gu@physx@@QAEXABVPxVec3@3@00@Z 10018480 f i ConvexHullUtils.obj
 0001:000174d0       ?setEmpty@Box@Gu@physx@@QAEXXZ 100184d0 f i ConvexHullUtils.obj
 0001:00017540       ?transform@Box@Gu@physx@@QBE?AVPxVec3@3@ABV43@@Z 10018540 f i ConvexHullUtils.obj
 0001:000175e0       ??0ConvexMeshBuilder@physx@@QAE@_N@Z 100185e0 f   ConvexMeshBuilder.obj
 0001:00017640       ??1ConvexMeshBuilder@physx@@QAE@XZ 10018640 f   ConvexMeshBuilder.obj
 0001:00017670       ?build@ConvexMeshBuilder@physx@@QAE_NABVPxConvexMeshDesc@2@I_NPAVConvexHullLib@2@@Z 10018670 f   ConvexMeshBuilder.obj
 0001:00017920       ?save@ConvexMeshBuilder@physx@@QBE_NAAVPxOutputStream@2@_N@Z 10018920 f   ConvexMeshBuilder.obj
 0001:00017b10       ?copy@ConvexMeshBuilder@physx@@QAE_NAAUConvexHullInitData@Gu@2@@Z 10018b10 f   ConvexMeshBuilder.obj
 0001:00017c00       ?loadConvexHull@ConvexMeshBuilder@physx@@QAE_NABVPxConvexMeshDesc@2@PAVConvexHullLib@2@@Z 10018c00 f   ConvexMeshBuilder.obj
 0001:00017e00       ?computeHullPolygons@ConvexMeshBuilder@physx@@QAE_NABIPBVPxVec3@2@0PBIAAVPxAllocatorCallback@2@AAIAAPAV32@4AAPAI4AAPAUPxHullPolygon@2@@Z 10018e00 f   ConvexMeshBuilder.obj
 0001:00017f80       ?computeGaussMaps@ConvexMeshBuilder@physx@@QAE_NXZ 10018f80 f   ConvexMeshBuilder.obj
 0001:00018030       ?computeMassInfo@ConvexMeshBuilder@physx@@QAEX_N@Z 10019030 f   ConvexMeshBuilder.obj
 0001:000184a0       ?computeInternalObjects@ConvexMeshBuilder@physx@@QAEXXZ 100194a0 f   ConvexMeshBuilder.obj
 0001:00018950       ?isFinite@PxVec3@physx@@QBE_NXZ 10019950 f i ConvexMeshBuilder.obj
 0001:000189c0       ??0ConvexPolygonsBuilder@physx@@QAE@PAUConvexHullData@Gu@1@_N@Z 100199c0 f   ConvexPolygonsBuilder.obj
 0001:000189f0       ??1ConvexPolygonsBuilder@physx@@QAE@XZ 100199f0 f   ConvexPolygonsBuilder.obj
 0001:00018a20       ?computeHullPolygons@ConvexPolygonsBuilder@physx@@QAE_NABIPBVPxVec3@2@0PBI@Z 10019a20 f   ConvexPolygonsBuilder.obj
 0001:00018ca0       ?createPolygonData@ConvexPolygonsBuilder@physx@@AAE_NXZ 10019ca0 f   ConvexPolygonsBuilder.obj
 0001:00019800       ?createTrianglesFromPolygons@ConvexPolygonsBuilder@physx@@AAE_NXZ 1001a800 f   ConvexPolygonsBuilder.obj
 0001:00019cc0       ??$?_UE@@YAPAXIV?$ReflectionAllocator@E@shdfnd@physx@@PBDH@Z 1001acc0 f i ConvexPolygonsBuilder.obj
 0001:00019d20       ??$copy@V?$ReflectionAllocator@VPair@@@shdfnd@physx@@@?$Array@VPair@@V?$ReflectionAllocator@VPair@@@shdfnd@physx@@@shdfnd@physx@@IAEXABV012@@Z 1001ad20 f i ConvexPolygonsBuilder.obj
 0001:0001a470       ?allocate@?$Array@IV?$ReflectionAllocator@I@shdfnd@physx@@@shdfnd@physx@@IAEPAII@Z 1001b470 f i ConvexPolygonsBuilder.obj
 0001:0001a4e0       ?allocate@?$Array@VPair@@V?$ReflectionAllocator@VPair@@@shdfnd@physx@@@shdfnd@physx@@IAEPAVPair@@I@Z 1001b4e0 f i ConvexPolygonsBuilder.obj
 0001:0001ab70       ?copy@?$Array@VPair@@V?$ReflectionAllocator@VPair@@@shdfnd@physx@@@shdfnd@physx@@KAXPAVPair@@0PBV4@@Z 1001bb70 f i ConvexPolygonsBuilder.obj
 0001:0001b8a0       ?growAndPushBack@?$Array@VPair@@V?$ReflectionAllocator@VPair@@@shdfnd@physx@@@shdfnd@physx@@IAEAAVPair@@ABV4@@Z 1001c8a0 f i ConvexPolygonsBuilder.obj
 0001:0001b940       ??0QuickHullConvexHullLib@physx@@QAE@ABVPxConvexMeshDesc@1@ABUPxCookingParams@1@@Z 1001c940 f   QuickHullConvexHullLib.obj
 0001:0001ba00       ??1QuickHullConvexHullLib@physx@@UAE@XZ 1001ca00 f   QuickHullConvexHullLib.obj
 0001:0001ba80       ?createConvexHull@QuickHullConvexHullLib@physx@@UAE?AW4Enum@PxConvexMeshCookingResult@2@XZ 1001ca80 f   QuickHullConvexHullLib.obj
 0001:0001bf70       ?fillConvexMeshDesc@QuickHullConvexHullLib@physx@@UAEXAAVPxConvexMeshDesc@2@@Z 1001cf70 f   QuickHullConvexHullLib.obj
 0001:0001bfb0       ?createEdgeList@QuickHullConvexHullLib@physx@@UAE_NIPBEPAPAEPAPAG2@Z 1001cfb0 f   QuickHullConvexHullLib.obj
 0001:0001c1f0       ?expandHullOBB@QuickHullConvexHullLib@physx@@IAE?AW4Enum@PxConvexMeshCookingResult@2@XZ 1001d1f0 f   QuickHullConvexHullLib.obj
 0001:0001c5f0       ?expandHull@QuickHullConvexHullLib@physx@@IAE?AW4Enum@PxConvexMeshCookingResult@2@XZ 1001d5f0 f   QuickHullConvexHullLib.obj
 0001:0001cc50       ?cleanupForSimplex@QuickHullConvexHullLib@physx@@IAE_NPAVPxVec3@2@IPAUQuickHullVertex@local@@1AAM2@Z 1001dc50 f   QuickHullConvexHullLib.obj
 0001:0001d350       ?fillConvexMeshDescFromQuickHull@QuickHullConvexHullLib@physx@@IAEXAAVPxConvexMeshDesc@2@@Z 1001e350 f   QuickHullConvexHullLib.obj
 0001:0001d720       ?fillConvexMeshDescFromCroppedHull@QuickHullConvexHullLib@physx@@IAEXAAVPxConvexMeshDesc@2@@Z 1001e720 f   QuickHullConvexHullLib.obj
 0001:0001d8e0       ?getOppositeFaceDistance@QuickHullHalfEdge@local@@QBEMXZ 1001e8e0 f   QuickHullConvexHullLib.obj
 0001:0001d920       ?mergeAdjacentFace@QuickHullFace@local@@QAE_NPAUQuickHullHalfEdge@2@AAV?$Array@PAUQuickHullFace@local@@V?$ReflectionAllocator@PAUQuickHullFace@local@@@shdfnd@physx@@@shdfnd@physx@@@Z 1001e920 f   QuickHullConvexHullLib.obj
 0001:0001dd20       ?checkFaceConsistency@QuickHullFace@local@@QAE_NXZ 1001ed20 f   QuickHullConvexHullLib.obj
 0001:0001dd30       ?connectHalfEdges@QuickHullFace@local@@AAEPAU12@PAUQuickHullHalfEdge@2@0@Z 1001ed30 f   QuickHullConvexHullLib.obj
 0001:0001e050       ??0QuickHull@local@@QAE@ABUPxCookingParams@physx@@ABVPxConvexMeshDesc@3@@Z 1001f050 f   QuickHullConvexHullLib.obj
 0001:0001e1a0       ??1QuickHull@local@@QAE@XZ 1001f1a0 f   QuickHullConvexHullLib.obj
 0001:0001e2a0       ?preallocate@QuickHull@local@@QAEXI@Z 1001f2a0 f   QuickHullConvexHullLib.obj
 0001:0001e410       ?parseInputVertices@QuickHull@local@@QAEXPBVPxVec3@physx@@I@Z 1001f410 f   QuickHullConvexHullLib.obj
 0001:0001e470       ?releaseHull@QuickHull@local@@QAEXXZ 1001f470 f   QuickHullConvexHullLib.obj
 0001:0001e4a0       ?setPrecomputedMinMax@QuickHull@local@@QAEXPBUQuickHullVertex@2@0MM@Z 1001f4a0 f   QuickHullConvexHullLib.obj
 0001:0001e610       ?buildHull@QuickHull@local@@QAE?AW4Enum@QuickHullResult@2@XZ 1001f610 f   QuickHullConvexHullLib.obj
 0001:0001e890       ?maxNumVertsPerFace@QuickHull@local@@QBEIXZ 1001f890 f   QuickHullConvexHullLib.obj
 0001:0001e8c0       ?computeMinMaxVerts@QuickHull@local@@IAEXXZ 1001f8c0 f   QuickHullConvexHullLib.obj
 0001:0001ec10       ?findSimplex@QuickHull@local@@IAE_NXZ 1001fc10 f   QuickHullConvexHullLib.obj
 0001:0001f0c0       ?addSimplex@QuickHull@local@@IAEXPAUQuickHullVertex@2@_N@Z 100200c0 f   QuickHullConvexHullLib.obj
 0001:0001f450       ?nextPointToAdd@QuickHull@local@@IAEPAUQuickHullVertex@2@AAPAUQuickHullFace@2@@Z 10020450 f   QuickHullConvexHullLib.obj
 0001:0001f4c0       ?addPointToHull@QuickHull@local@@IAE_NPBUQuickHullVertex@2@AAUQuickHullFace@2@AA_N@Z 100204c0 f   QuickHullConvexHullLib.obj
 0001:0001f7e0       ?createTriangle@QuickHull@local@@IAEPAUQuickHullFace@2@ABUQuickHullVertex@2@00@Z 100207e0 f   QuickHullConvexHullLib.obj
 0001:0001fb60       ?addPointToFace@QuickHull@local@@IAEXAAUQuickHullFace@2@PAUQuickHullVertex@2@M@Z 10020b60 f   QuickHullConvexHullLib.obj
 0001:0001fbb0       ?removeEyePointFromFace@QuickHull@local@@IAEXAAUQuickHullFace@2@PBUQuickHullVertex@2@@Z 10020bb0 f   QuickHullConvexHullLib.obj
 0001:0001fbc0       ?calculateHorizon@QuickHull@local@@IAEXABVPxVec3@physx@@PAUQuickHullHalfEdge@2@AAUQuickHullFace@2@AAV?$Array@PAUQuickHullHalfEdge@local@@V?$ReflectionAllocator@PAUQuickHullHalfEdge@local@@@shdfnd@physx@@@shdfnd@4@AAV?$Array@PAUQuickHullFace@local@@V?$ReflectionAllocator@PAUQuickHullFace@local@@@shdfnd@physx@@@84@@Z 10020bc0 f   QuickHullConvexHullLib.obj
 0001:0001fcd0       ?addNewFacesFromHorizon@QuickHull@local@@IAEXPBUQuickHullVertex@2@ABV?$Array@PAUQuickHullHalfEdge@local@@V?$ReflectionAllocator@PAUQuickHullHalfEdge@local@@@shdfnd@physx@@@shdfnd@physx@@AAV?$Array@PAUQuickHullFace@local@@V?$ReflectionAllocator@PAUQuickHullFace@local@@@shdfnd@physx@@@56@@Z 10020cd0 f   QuickHullConvexHullLib.obj
 0001:0001fde0       ?doAdjacentMerge@QuickHull@local@@IAE_NAAUQuickHullFace@2@_NAA_N@Z 10020de0 f   QuickHullConvexHullLib.obj
 0001:00020020       ?doPostAdjacentMerge@QuickHull@local@@IAE_NAAUQuickHullFace@2@M@Z 10021020 f   QuickHullConvexHullLib.obj
 0001:00020110       ?deleteFacePoints@QuickHull@local@@IAEXAAUQuickHullFace@2@PAU32@@Z 10021110 f   QuickHullConvexHullLib.obj
 0001:00020200       ?resolveUnclaimedPoints@QuickHull@local@@IAEXABV?$Array@PAUQuickHullFace@local@@V?$ReflectionAllocator@PAUQuickHullFace@local@@@shdfnd@physx@@@shdfnd@physx@@@Z 10021200 f   QuickHullConvexHullLib.obj
 0001:00020300       ?postMergeHull@QuickHull@local@@IAEXXZ 10021300 f   QuickHullConvexHullLib.obj
 0001:00020430       ?canMergeFaces@QuickHull@local@@IAE_NABUQuickHullHalfEdge@2@@Z 10021430 f   QuickHullConvexHullLib.obj
 0001:00020b20       ?getExpandPoint@local@@YAXABUQuickHullHalfEdge@1@AAUExpandPoint@1@PBV?$Array@IV?$ReflectionAllocator@I@shdfnd@physx@@@shdfnd@physx@@@Z 10021b20 f   QuickHullConvexHullLib.obj
 0001:00020bb0       ?addExpandPoint@local@@YAXABUExpandPoint@1@AAV?$Array@UExpandPoint@local@@V?$ReflectionAllocator@UExpandPoint@local@@@shdfnd@physx@@@shdfnd@physx@@@Z 10021bb0 f   QuickHullConvexHullLib.obj
 0001:00020c90       ??0PxPlane@physx@@QAE@ABV01@@Z 10021c90 f i QuickHullConvexHullLib.obj
 0001:00020cb0       ??0QuickHullVertex@local@@QAE@XZ 10021cb0 f i QuickHullConvexHullLib.obj
 0001:00020cc0       ??1?$MemBlock@UQuickHullFace@local@@$00@local@@QAE@XZ 10021cc0 f i QuickHullConvexHullLib.obj
 0001:00020d20       ??1?$MemBlock@UQuickHullHalfEdge@local@@$0A@@local@@QAE@XZ 10021d20 f i QuickHullConvexHullLib.obj
 0001:00020d80       ??_GConvexHull@physx@@QAEPAXI@Z 10021d80 f i QuickHullConvexHullLib.obj
 0001:00020e20       ??_GQuickHullConvexHullLib@physx@@UAEPAXI@Z 10021e20 f i QuickHullConvexHullLib.obj
 0001:00020e20       ??_EQuickHullConvexHullLib@physx@@UAEPAXI@Z 10021e20 f i QuickHullConvexHullLib.obj
 0001:00020ed0       ??__G@YGXPAX0IIP6EPAX00@Z@Z 10021ed0 f i QuickHullConvexHullLib.obj
 0001:00020f10       ?allocate@?$Array@PAUQuickHullFace@local@@V?$ReflectionAllocator@PAUQuickHullFace@local@@@shdfnd@physx@@@shdfnd@physx@@IAEPAPAUQuickHullFace@local@@I@Z 10021f10 f i QuickHullConvexHullLib.obj
 0001:00020f80       ?allocate@?$Array@PAUQuickHullHalfEdge@local@@V?$ReflectionAllocator@PAUQuickHullHalfEdge@local@@@shdfnd@physx@@@shdfnd@physx@@IAEPAPAUQuickHullHalfEdge@local@@I@Z 10021f80 f i QuickHullConvexHullLib.obj
 0001:00020ff0       ?allocate@?$Array@PAUQuickHullVertex@local@@V?$ReflectionAllocator@PAUQuickHullVertex@local@@@shdfnd@physx@@@shdfnd@physx@@IAEPAPAUQuickHullVertex@local@@I@Z 10021ff0 f i QuickHullConvexHullLib.obj
 0001:00021060       ?allocate@?$Array@UExpandPoint@local@@V?$ReflectionAllocator@UExpandPoint@local@@@shdfnd@physx@@@shdfnd@physx@@IAEPAUExpandPoint@local@@I@Z 10022060 f i QuickHullConvexHullLib.obj
 0001:000210d0       ?copy@?$Array@UExpandPoint@local@@V?$ReflectionAllocator@UExpandPoint@local@@@shdfnd@physx@@@shdfnd@physx@@KAXPAUExpandPoint@local@@0PBU45@@Z 100220d0 f i QuickHullConvexHullLib.obj
 0001:00021160       ?getFreeItem@?$MemBlock@UQuickHullFace@local@@$00@local@@QAEPAUQuickHullFace@2@XZ 10022160 f i QuickHullConvexHullLib.obj
 0001:00021240       ?getFreeItem@?$MemBlock@UQuickHullHalfEdge@local@@$0A@@local@@QAEPAUQuickHullHalfEdge@2@XZ 10022240 f i QuickHullConvexHullLib.obj
 0001:000212e0       ?growAndPushBack@?$Array@PAUQuickHullFace@local@@V?$ReflectionAllocator@PAUQuickHullFace@local@@@shdfnd@physx@@@shdfnd@physx@@IAEAAPAUQuickHullFace@local@@ABQAU45@@Z 100222e0 f i QuickHullConvexHullLib.obj
 0001:00021390       ?growAndPushBack@?$Array@PAUQuickHullHalfEdge@local@@V?$ReflectionAllocator@PAUQuickHullHalfEdge@local@@@shdfnd@physx@@@shdfnd@physx@@IAEAAPAUQuickHullHalfEdge@local@@ABQAU45@@Z 10022390 f i QuickHullConvexHullLib.obj
 0001:00021440       ?growAndPushBack@?$Array@PAUQuickHullVertex@local@@V?$ReflectionAllocator@PAUQuickHullVertex@local@@@shdfnd@physx@@@shdfnd@physx@@IAEAAPAUQuickHullVertex@local@@ABQAU45@@Z 10022440 f i QuickHullConvexHullLib.obj
 0001:000214f0       ?growAndPushBack@?$Array@UExpandPoint@local@@V?$ReflectionAllocator@UExpandPoint@local@@@shdfnd@physx@@@shdfnd@physx@@IAEAAUExpandPoint@local@@ABU45@@Z 100224f0 f i QuickHullConvexHullLib.obj
 0001:000215e0       ?init@?$MemBlock@UQuickHullFace@local@@$00@local@@QAEXI@Z 100225e0 f i QuickHullConvexHullLib.obj
 0001:00021680       ?recreate@?$Array@PAUQuickHullFace@local@@V?$ReflectionAllocator@PAUQuickHullFace@local@@@shdfnd@physx@@@shdfnd@physx@@IAEXI@Z 10022680 f i QuickHullConvexHullLib.obj
 0001:00021710       ?recreate@?$Array@PAUQuickHullHalfEdge@local@@V?$ReflectionAllocator@PAUQuickHullHalfEdge@local@@@shdfnd@physx@@@shdfnd@physx@@IAEXI@Z 10022710 f i QuickHullConvexHullLib.obj
 0001:000217a0       ?recreate@?$Array@PAUQuickHullVertex@local@@V?$ReflectionAllocator@PAUQuickHullVertex@local@@@shdfnd@physx@@@shdfnd@physx@@IAEXI@Z 100227a0 f i QuickHullConvexHullLib.obj
 0001:00021830       ?recreate@?$Array@UExpandPoint@local@@V?$ReflectionAllocator@UExpandPoint@local@@@shdfnd@physx@@@shdfnd@physx@@IAEXI@Z 10022830 f i QuickHullConvexHullLib.obj
 0001:00021880       ?computeVolumeIntegrals@physx@@YA_NABVPxSimpleTriangleMesh@1@MAAUPxIntegrals@1@@Z 10022880 f   VolumeIntegration.obj
 0001:000218f0       ?computeVolumeIntegralsEberly@physx@@YA_NABVPxConvexMeshDesc@1@MAAUPxIntegrals@1@ABVPxVec3@1@@Z 100228f0 f   VolumeIntegration.obj
 0001:00021940       ?computeVolumeIntegralsEberlySIMD@physx@@YA_NABVPxConvexMeshDesc@1@MAAUPxIntegrals@1@ABVPxVec3@1@@Z 10022940 f   VolumeIntegration.obj
 0001:00023df0       _PxSetPhysXCookingDelayLoadHook 10024df0 f   WindowsCookingDelayLoadHook.obj
 0001:00023e00       ?cookingDelayHook@@YGP6GHXZIPAUDelayLoadInfo@@@Z 10024e00 f   WindowsCookingDelayLoadHook.obj
 0001:00023ea0       __imp_load_??0RadixSortBuffered@Cm@physx@@QAE@XZ 10024ea0 f   PhysXCommon_32:PhysXCommon_32.dll
 0001:00023eaa       ??0RadixSortBuffered@Cm@physx@@QAE@XZ 10024eaa f   PhysXCommon_32:PhysXCommon_32.dll
 0001:00023eb0       __tailMerge_physxcommon_32_dll 10024eb0     PhysXCommon_32:PhysXCommon_32.dll
 0001:00023ec1       __imp_load_??1RadixSortBuffered@Cm@physx@@UAE@XZ 10024ec1 f   PhysXCommon_32:PhysXCommon_32.dll
 0001:00023ecb       ??1RadixSortBuffered@Cm@physx@@UAE@XZ 10024ecb f   PhysXCommon_32:PhysXCommon_32.dll
 0001:00023ed1       __imp_load_?Sort@RadixSortBuffered@Cm@physx@@QAEAAV123@PBIIW4RadixHint@23@@Z 10024ed1 f   PhysXCommon_32:PhysXCommon_32.dll
 0001:00023edb       ?Sort@RadixSortBuffered@Cm@physx@@QAEAAV123@PBIIW4RadixHint@23@@Z 10024edb f   PhysXCommon_32:PhysXCommon_32.dll
 0001:00023ee1       __imp_load_?readDword@physx@@YAI_NAAVPxInputStream@1@@Z 10024ee1 f   PhysXCommon_32:PhysXCommon_32.dll
 0001:00023eeb       ?readDword@physx@@YAI_NAAVPxInputStream@1@@Z 10024eeb f   PhysXCommon_32:PhysXCommon_32.dll
 0001:00023ef1       __imp_load_?ReadHeader@Gu@physx@@YA_NEEEEAAIAA_NAAVPxInputStream@2@@Z 10024ef1 f   PhysXCommon_32:PhysXCommon_32.dll
 0001:00023efb       ?ReadHeader@Gu@physx@@YA_NEEEEAAIAA_NAAVPxInputStream@2@@Z 10024efb f   PhysXCommon_32:PhysXCommon_32.dll
 0001:00023f01       __imp_load_??0HeightField@Gu@physx@@QAE@PAVGuMeshFactory@2@@Z 10024f01 f   PhysXCommon_32:PhysXCommon_32.dll
 0001:00023f0b       ??0HeightField@Gu@physx@@QAE@PAVGuMeshFactory@2@@Z 10024f0b f   PhysXCommon_32:PhysXCommon_32.dll
 0001:00023f11       __imp_load_?loadFromDesc@HeightField@Gu@physx@@QAE_NABVPxHeightFieldDesc@3@@Z 10024f11 f   PhysXCommon_32:PhysXCommon_32.dll
 0001:00023f1b       ?loadFromDesc@HeightField@Gu@physx@@QAE_NABVPxHeightFieldDesc@3@@Z 10024f1b f   PhysXCommon_32:PhysXCommon_32.dll
 0001:00023f21       __imp_load_?computeCellCoordinates@HeightField@Gu@physx@@QBEIMMAAM0@Z 10024f21 f   PhysXCommon_32:PhysXCommon_32.dll
 0001:00023f2b       ?computeCellCoordinates@HeightField@Gu@physx@@QBEIMMAAM0@Z 10024f2b f   PhysXCommon_32:PhysXCommon_32.dll
 0001:00023f31       __imp_load_?releaseMemory@HeightField@Gu@physx@@QAEXXZ 10024f31 f   PhysXCommon_32:PhysXCommon_32.dll
 0001:00023f3b       ?releaseMemory@HeightField@Gu@physx@@QAEXXZ 10024f3b f   PhysXCommon_32:PhysXCommon_32.dll
 0001:00023f41       __imp_load_??1HeightField@Gu@physx@@UAE@XZ 10024f41 f   PhysXCommon_32:PhysXCommon_32.dll
 0001:00023f4b       ??1HeightField@Gu@physx@@UAE@XZ 10024f4b f   PhysXCommon_32:PhysXCommon_32.dll
 0001:00023f51       __imp_load_??0NodeAllocator@Gu@physx@@QAE@XZ 10024f51 f   PhysXCommon_32:PhysXCommon_32.dll
 0001:00023f5b       ??0NodeAllocator@Gu@physx@@QAE@XZ 10024f5b f   PhysXCommon_32:PhysXCommon_32.dll
 0001:00023f61       __imp_load_??1NodeAllocator@Gu@physx@@QAE@XZ 10024f61 f   PhysXCommon_32:PhysXCommon_32.dll
 0001:00023f6b       ??1NodeAllocator@Gu@physx@@QAE@XZ 10024f6b f   PhysXCommon_32:PhysXCommon_32.dll
 0001:00023f71       __imp_load_?release@NodeAllocator@Gu@physx@@QAEXXZ 10024f71 f   PhysXCommon_32:PhysXCommon_32.dll
 0001:00023f7b       ?release@NodeAllocator@Gu@physx@@QAEXXZ 10024f7b f   PhysXCommon_32:PhysXCommon_32.dll
 0001:00023f81       __imp_load_?buildAABBTree@Gu@physx@@YA_NAAVAABBTreeBuildParams@12@AAVNodeAllocator@12@AAUBuildStats@12@AAPAI@Z 10024f81 f   PhysXCommon_32:PhysXCommon_32.dll
 0001:00023f8b       ?buildAABBTree@Gu@physx@@YA_NAAVAABBTreeBuildParams@12@AAVNodeAllocator@12@AAUBuildStats@12@AAPAI@Z 10024f8b f   PhysXCommon_32:PhysXCommon_32.dll
 0001:00023f91       __imp_load_?writeDword@physx@@YAXI_NAAVPxOutputStream@1@@Z 10024f91 f   PhysXCommon_32:PhysXCommon_32.dll
 0001:00023f9b       ?writeDword@physx@@YAXI_NAAVPxOutputStream@1@@Z 10024f9b f   PhysXCommon_32:PhysXCommon_32.dll
 0001:00023fa1       __imp_load_?writeFloatBuffer@physx@@YAXPBMI_NAAVPxOutputStream@1@@Z 10024fa1 f   PhysXCommon_32:PhysXCommon_32.dll
 0001:00023fab       ?writeFloatBuffer@physx@@YAXPBMI_NAAVPxOutputStream@1@@Z 10024fab f   PhysXCommon_32:PhysXCommon_32.dll
 0001:00023fb1       __imp_load_?writeHeader@physx@@YA_NCCCCI_NAAVPxOutputStream@1@@Z 10024fb1 f   PhysXCommon_32:PhysXCommon_32.dll
 0001:00023fbb       ?writeHeader@physx@@YA_NCCCCI_NAAVPxOutputStream@1@@Z 10024fbb f   PhysXCommon_32:PhysXCommon_32.dll
 0001:00023fc1       __imp_load_?writeWord@physx@@YAXG_NAAVPxOutputStream@1@@Z 10024fc1 f   PhysXCommon_32:PhysXCommon_32.dll
 0001:00023fcb       ?writeWord@physx@@YAXG_NAAVPxOutputStream@1@@Z 10024fcb f   PhysXCommon_32:PhysXCommon_32.dll
 0001:00023fd1       __imp_load_?writeFloat@physx@@YAXM_NAAVPxOutputStream@1@@Z 10024fd1 f   PhysXCommon_32:PhysXCommon_32.dll
 0001:00023fdb       ?writeFloat@physx@@YAXM_NAAVPxOutputStream@1@@Z 10024fdb f   PhysXCommon_32:PhysXCommon_32.dll
 0001:00023fe1       __imp_load_?computeBoundsAroundVertices@Gu@physx@@YAXAAVPxBounds3@2@IPIBVPxVec3@2@@Z 10024fe1 f   PhysXCommon_32:PhysXCommon_32.dll
 0001:00023feb       ?computeBoundsAroundVertices@Gu@physx@@YAXAAVPxBounds3@2@IPIBVPxVec3@2@@Z 10024feb f   PhysXCommon_32:PhysXCommon_32.dll
 0001:00023ff1       __imp_load_??0SourceMesh@Gu@physx@@QAE@XZ 10024ff1 f   PhysXCommon_32:PhysXCommon_32.dll
 0001:00023ffe       ??0SourceMesh@Gu@physx@@QAE@XZ 10024ffe f   PhysXCommon_32:PhysXCommon_32.dll
 0001:00024004       __imp_load_??1SourceMesh@Gu@physx@@QAE@XZ 10025004 f   PhysXCommon_32:PhysXCommon_32.dll
 0001:0002400e       ??1SourceMesh@Gu@physx@@QAE@XZ 1002500e f   PhysXCommon_32:PhysXCommon_32.dll
 0001:00024014       __imp_load_??0BV4Tree@Gu@physx@@QAE@XZ 10025014 f   PhysXCommon_32:PhysXCommon_32.dll
 0001:0002401e       ??0BV4Tree@Gu@physx@@QAE@XZ 1002501e f   PhysXCommon_32:PhysXCommon_32.dll
 0001:00024024       __imp_load_??1BV4Tree@Gu@physx@@QAE@XZ 10025024 f   PhysXCommon_32:PhysXCommon_32.dll
 0001:0002402e       ??1BV4Tree@Gu@physx@@QAE@XZ 1002502e f   PhysXCommon_32:PhysXCommon_32.dll
 0001:00024034       __imp_load_??0BV32Tree@Gu@physx@@QAE@XZ 10025034 f   PhysXCommon_32:PhysXCommon_32.dll
 0001:0002403e       ??0BV32Tree@Gu@physx@@QAE@XZ 1002503e f   PhysXCommon_32:PhysXCommon_32.dll
 0001:00024044       __imp_load_??1BV32Tree@Gu@physx@@QAE@XZ 10025044 f   PhysXCommon_32:PhysXCommon_32.dll
 0001:0002404e       ??1BV32Tree@Gu@physx@@QAE@XZ 1002504e f   PhysXCommon_32:PhysXCommon_32.dll
 0001:00024054       __imp_load_?writeWordBuffer@physx@@YAXPBGI_NAAVPxOutputStream@1@@Z 10025054 f   PhysXCommon_32:PhysXCommon_32.dll
 0001:0002405e       ?writeWordBuffer@physx@@YAXPBGI_NAAVPxOutputStream@1@@Z 1002505e f   PhysXCommon_32:PhysXCommon_32.dll
 0001:00024064       __imp_load_?computeMaxIndex@physx@@YAIPBII@Z 10025064 f   PhysXCommon_32:PhysXCommon_32.dll
 0001:0002406e       ?computeMaxIndex@physx@@YAIPBII@Z 1002506e f   PhysXCommon_32:PhysXCommon_32.dll
 0001:00024074       __imp_load_?storeIndices@physx@@YAXIIPBIAAVPxOutputStream@1@_N@Z 10025074 f   PhysXCommon_32:PhysXCommon_32.dll
 0001:0002407e       ?storeIndices@physx@@YAXIIPBIAAVPxOutputStream@1@_N@Z 1002507e f   PhysXCommon_32:PhysXCommon_32.dll
 0001:00024084       __imp_load_?BuildBV4Ex@Gu@physx@@YA_NAAVBV4Tree@12@AAVSourceMesh@12@MI@Z 10025084 f   PhysXCommon_32:PhysXCommon_32.dll
 0001:0002408e       ?BuildBV4Ex@Gu@physx@@YA_NAAVBV4Tree@12@AAVSourceMesh@12@MI@Z 1002508e f   PhysXCommon_32:PhysXCommon_32.dll
 0001:00024094       __imp_load_?BuildBV32Ex@Gu@physx@@YA_NAAVBV32Tree@12@AAVSourceMesh@12@MI@Z 10025094 f   PhysXCommon_32:PhysXCommon_32.dll
 0001:0002409e       ?BuildBV32Ex@Gu@physx@@YA_NAAVBV32Tree@12@AAVSourceMesh@12@MI@Z 1002509e f   PhysXCommon_32:PhysXCommon_32.dll
 0001:000240a4       __imp_load_?computeMaxIndex@physx@@YAGPBGI@Z 100250a4 f   PhysXCommon_32:PhysXCommon_32.dll
 0001:000240ae       ?computeMaxIndex@physx@@YAGPBGI@Z 100250ae f   PhysXCommon_32:PhysXCommon_32.dll
 0001:000240b4       __imp_load_?WriteHeader@Gu@physx@@YA_NEEEEI_NAAVPxOutputStream@2@@Z 100250b4 f   PhysXCommon_32:PhysXCommon_32.dll
 0001:000240be       ?WriteHeader@Gu@physx@@YA_NEEEEI_NAAVPxOutputStream@2@@Z 100250be f   PhysXCommon_32:PhysXCommon_32.dll
 0001:000240c4       __imp_load_?StoreIndices@Gu@physx@@YAXGIPBGAAVPxOutputStream@2@_N@Z 100250c4 f   PhysXCommon_32:PhysXCommon_32.dll
 0001:000240ce       ?StoreIndices@Gu@physx@@YAXGIPBGAAVPxOutputStream@2@_N@Z 100250ce f   PhysXCommon_32:PhysXCommon_32.dll
 0001:000240d4       __imp_load_?CreateOffsets@BigConvexData@physx@@IAEXXZ 100250d4 f   PhysXCommon_32:PhysXCommon_32.dll
 0001:000240de       ?CreateOffsets@BigConvexData@physx@@IAEXXZ 100250de f   PhysXCommon_32:PhysXCommon_32.dll
 0001:000240e4       __imp_load_?computeOBBPoints@Gu@physx@@YAXPIAVPxVec3@2@ABV32@1111@Z 100250e4 f   PhysXCommon_32:PhysXCommon_32.dll
 0001:000240ee       ?computeOBBPoints@Gu@physx@@YAXPIAVPxVec3@2@ABV32@1111@Z 100250ee f   PhysXCommon_32:PhysXCommon_32.dll
 0001:000240f4       __imp_load_??0BigConvexData@physx@@QAE@XZ 100250f4 f   PhysXCommon_32:PhysXCommon_32.dll
 0001:000240fe       ??0BigConvexData@physx@@QAE@XZ 100250fe f   PhysXCommon_32:PhysXCommon_32.dll
 0001:00024104       __imp_load_??1BigConvexData@physx@@QAE@XZ 10025104 f   PhysXCommon_32:PhysXCommon_32.dll
 0001:0002410e       ??1BigConvexData@physx@@QAE@XZ 1002510e f   PhysXCommon_32:PhysXCommon_32.dll
 0001:00024114       __imp_load__PxGetFoundation 10025114 f   PhysXFoundation_32:PhysXFoundation_32.dll
 0001:0002411e       _PxGetFoundation           1002511e f   PhysXFoundation_32:PhysXFoundation_32.dll
 0001:00024124       __tailMerge_physxfoundation_32_dll 10025124     PhysXFoundation_32:PhysXFoundation_32.dll
 0001:00024135       __imp_load_?getAllocator@shdfnd@physx@@YAAAVPxAllocatorCallback@2@XZ 10025135 f   PhysXFoundation_32:PhysXFoundation_32.dll
 0001:0002413f       ?getAllocator@shdfnd@physx@@YAAAVPxAllocatorCallback@2@XZ 1002513f f   PhysXFoundation_32:PhysXFoundation_32.dll
 0001:00024145       __imp_load_?getInstance@Foundation@shdfnd@physx@@SAAAV123@XZ 10025145 f   PhysXFoundation_32:PhysXFoundation_32.dll
 0001:0002414f       ?getInstance@Foundation@shdfnd@physx@@SAAAV123@XZ 1002514f f   PhysXFoundation_32:PhysXFoundation_32.dll
 0001:00024155       __imp_load_?error@Foundation@shdfnd@physx@@QAAXW4Enum@PxErrorCode@3@PBDH1ZZ 10025155 f   PhysXFoundation_32:PhysXFoundation_32.dll
 0001:0002415f       ?error@Foundation@shdfnd@physx@@QAAXW4Enum@PxErrorCode@3@PBDH1ZZ 1002515f f   PhysXFoundation_32:PhysXFoundation_32.dll
 0001:00024165       __imp_load_?incRefCount@Foundation@shdfnd@physx@@SAXXZ 10025165 f   PhysXFoundation_32:PhysXFoundation_32.dll
 0001:0002416f       ?incRefCount@Foundation@shdfnd@physx@@SAXXZ 1002516f f   PhysXFoundation_32:PhysXFoundation_32.dll
 0001:00024175       __imp_load_?decRefCount@Foundation@shdfnd@physx@@SAXXZ 10025175 f   PhysXFoundation_32:PhysXFoundation_32.dll
 0001:0002417f       ?decRefCount@Foundation@shdfnd@physx@@SAXXZ 1002517f f   PhysXFoundation_32:PhysXFoundation_32.dll
 0001:00024185       __imp_load_??0FPUGuard@shdfnd@physx@@QAE@XZ 10025185 f   PhysXFoundation_32:PhysXFoundation_32.dll
 0001:0002418f       ??0FPUGuard@shdfnd@physx@@QAE@XZ 1002518f f   PhysXFoundation_32:PhysXFoundation_32.dll
 0001:00024195       __imp_load_??1FPUGuard@shdfnd@physx@@QAE@XZ 10025195 f   PhysXFoundation_32:PhysXFoundation_32.dll
 0001:0002419f       ??1FPUGuard@shdfnd@physx@@QAE@XZ 1002519f f   PhysXFoundation_32:PhysXFoundation_32.dll
 0001:000241a5       __imp_load_?allocate@TempAllocator@shdfnd@physx@@QAEPAXIPBDH@Z 100251a5 f   PhysXFoundation_32:PhysXFoundation_32.dll
 0001:000241af       ?allocate@TempAllocator@shdfnd@physx@@QAEPAXIPBDH@Z 100251af f   PhysXFoundation_32:PhysXFoundation_32.dll
 0001:000241b5       __imp_load_?deallocate@TempAllocator@shdfnd@physx@@QAEXPAX@Z 100251b5 f   PhysXFoundation_32:PhysXFoundation_32.dll
 0001:000241bf       ?deallocate@TempAllocator@shdfnd@physx@@QAEXPAX@Z 100251bf f   PhysXFoundation_32:PhysXFoundation_32.dll
 0001:000241c5       __imp_load_?PxDiagonalize@physx@@YA?AVPxVec3@1@ABVPxMat33@1@AAVPxQuat@1@@Z 100251c5 f   PhysXFoundation_32:PhysXFoundation_32.dll
 0001:000241cf       ?PxDiagonalize@physx@@YA?AVPxVec3@1@ABVPxMat33@1@AAVPxQuat@1@@Z 100251cf f   PhysXFoundation_32:PhysXFoundation_32.dll
 0001:000241d5       _LoadLibraryA@4            100251d5 f   kernel32:KERNEL32.dll
 0001:000241db       ??$PFromRva@PAP6GHXZ@@YGPAP6GHXZK@Z 100251db f i Delayimp:delayhlp.obj
 0001:000241ed       ??$PFromRva@PAPAUHINSTANCE__@@@@YGPAPAUHINSTANCE__@@K@Z 100251ed f i Delayimp:delayhlp.obj
 0001:000241ff       ??$PFromRva@PAU_IMAGE_IMPORT_BY_NAME@@@@YGPAU_IMAGE_IMPORT_BY_NAME@@K@Z 100251ff f i Delayimp:delayhlp.obj
 0001:00024211       ??$PFromRva@PAU_IMAGE_THUNK_DATA32@@@@YGPAU_IMAGE_THUNK_DATA32@@K@Z 10025211 f i Delayimp:delayhlp.obj
 0001:00024223       ??$PFromRva@PBD@@YGPBDK@Z  10025223 f i Delayimp:delayhlp.obj
 0001:00024235       ??$PFromRva@PBUImgDelayDescr@@@@YGPBUImgDelayDescr@@K@Z 10025235 f i Delayimp:delayhlp.obj
 0001:00024247       ??$PFromRva@PBU_IMAGE_THUNK_DATA32@@@@YGPBU_IMAGE_THUNK_DATA32@@K@Z 10025247 f i Delayimp:delayhlp.obj
 0001:00024259       ?CountOfImports@@YGIPBU_IMAGE_THUNK_DATA32@@@Z 10025259 f i Delayimp:delayhlp.obj
 0001:00024274       ?DloadAcquireSectionWriteAccess@@YGXXZ 10025274 f i Delayimp:delayhlp.obj
 0001:000242a7       ?DloadGetSRWLockFunctionPointers@@YGEXZ 100252a7 f i Delayimp:delayhlp.obj
 0001:0002431a       ?DloadLock@@YGXXZ          1002531a f i Delayimp:delayhlp.obj
 0001:00024359       ?DloadMakePermanentImageCommit@@YGXPAXK@Z 10025359 f i Delayimp:delayhlp.obj
 0001:000243c8       ?DloadObtainSection@@YGPAXPAK0@Z 100253c8 f i Delayimp:delayhlp.obj
 0001:00024443       ?DloadProtectSection@@YGXKPAK@Z 10025443 f i Delayimp:delayhlp.obj
 0001:000244b1       ?DloadReleaseSectionWriteAccess@@YGXXZ 100254b1 f i Delayimp:delayhlp.obj
 0001:000244e7       ?DloadUnlock@@YGXXZ        100254e7 f i Delayimp:delayhlp.obj
 0001:00024528       ?IndexFromPImgThunkData@@YGIPBU_IMAGE_THUNK_DATA32@@0@Z 10025528 f i Delayimp:delayhlp.obj
 0001:00024688       _HRESULT_FROM_WIN32@4      10025688 f i Delayimp:delayhlp.obj
 0001:000246a0       _ReadAcquire@4             100256a0 f i Delayimp:delayhlp.obj
 0001:000246ae       _ReadPointerAcquire@4      100256ae f i Delayimp:delayhlp.obj
 0001:000246bc       _WritePointerRelease@8     100256bc f i Delayimp:delayhlp.obj
 0001:000246cd       _WriteRelease@8            100256cd f i Delayimp:delayhlp.obj
 0001:000246de       __InlineInterlockedCompareExchangePointer@12 100256de f i Delayimp:delayhlp.obj
 0001:000246f4       ___FUnloadDelayLoadedDLL2@4 100256f4 f   Delayimp:delayhlp.obj
 0001:00024778       ___HrLoadAllImportsForDll@4 10025778 f   Delayimp:delayhlp.obj
 0001:000247d9       ___delayLoadHelper2@8      100257d9 f   Delayimp:delayhlp.obj
 0001:00024a48       ??3@YAXPAXI@Z              10025a48 f   LIBCMT:delete_scalar_size.obj
 0001:00024a56       ??_V@YAXPAXI@Z             10025a56 f   LIBCMT:delete_array_size.obj
 0001:00024a64       ?__scrt_initialize_type_info@@YAXXZ 10025a64 f   LIBCMT:tncleanup.obj
 0001:00024a70       ?__scrt_uninitialize_type_info@@YAXXZ 10025a70 f   LIBCMT:tncleanup.obj
 0001:00024a7c       ??1type_info@@UAE@XZ       10025a7c f   LIBCMT:std_type_info_static.obj
 0001:00024a83       ??_Etype_info@@UAEPAXI@Z   10025a83 f i LIBCMT:std_type_info_static.obj
 0001:00024a83       ??_Gtype_info@@UAEPAXI@Z   10025a83 f i LIBCMT:std_type_info_static.obj
 0001:00024ab0       __alloca_probe_16          10025ab0 f   LIBCMT:alloca16.obj
 0001:00024ac6       __alloca_probe_8           10025ac6     LIBCMT:alloca16.obj
 0001:00024adc       ??3@YAXPAX@Z               10025adc f   LIBCMT:delete_scalar.obj
 0001:00024ae1       ??_V@YAXPAX@Z              10025ae1 f   LIBCMT:delete_array.obj
 0001:00024af0       __chkstk                   10025af0 f   LIBCMT:chkstk.obj
 0001:00024af0       __alloca_probe             10025af0 f   LIBCMT:chkstk.obj
 0001:00024b20       __ftoui3                   10025b20 f   LIBCMT:ftol3.obj
 0001:00024b2f       __ftoul3                   10025b2f f   LIBCMT:ftol3.obj
 0001:00024b3e       __ftol3                    10025b3e f   LIBCMT:ftol3.obj
 0001:00024b4b       __ftol3_NaN                10025b4b f   LIBCMT:ftol3.obj
 0001:00024b63       __ftol3_work               10025b63 f   LIBCMT:ftol3.obj
 0001:00024be9       __ftol3_common             10025be9 f   LIBCMT:ftol3.obj
 0001:00024cab       __ftol3_arg_error          10025cab f   LIBCMT:ftol3.obj
 0001:00024cbd       __ftol3_except             10025cbd f   LIBCMT:ftol3.obj
 0001:00024d01       __dtoui3                   10025d01 f   LIBCMT:ftol3.obj
 0001:00024d10       __dtoul3                   10025d10 f   LIBCMT:ftol3.obj
 0001:00024d1f       __dtol3                    10025d1f f   LIBCMT:ftol3.obj
 0001:00024d2c       __dtol3_NaN                10025d2c f   LIBCMT:ftol3.obj
 0001:00024d49       __dtol3_work               10025d49 f   LIBCMT:ftol3.obj
 0001:00024e30       __ultod3                   10025e30 f   LIBCMT:ftol3.obj
 0001:00024e70       __ltod3                    10025e70 f   LIBCMT:ftol3.obj
 0001:00024ea0       ___vdecl_sinf4             10025ea0 f   LIBCMT:svml_ssinf4_dispatch.obj
 0001:00024ea5       ___libm_sse2_sincosf_      10025ea5 f   LIBCMT:svml_ssinf4_dispatch.obj
 0001:00024eeb       ___libm_sse2_sincosf4_     10025eeb f   LIBCMT:svml_ssinf4_dispatch.obj
 0001:0002521b       __CRT_INIT@12              1002621b f   LIBCMT:dll_dllmain.obj
 0001:00025224       __DllMainCRTStartup@12     10026224 f   LIBCMT:dll_dllmain.obj
 0001:00025247       @_guard_check_icall_nop@4  10026247 f i LIBCMT:guard_support.obj
 0001:00025248       _ReadNoFence               10026248 f i LIBCMT:guard_support.obj
 0001:00025252       _ReadPointerNoFence        10026252 f i LIBCMT:guard_support.obj
 0001:0002525c       __guard_icall_checks_enforced 1002625c f i LIBCMT:guard_support.obj
 0001:00025270       ___sse2_sinf4              10026270 f   LIBCMT:svml_ssinf4_sse2.obj
 0001:0002547d       ___security_init_cookie    1002647d f   LIBCMT:gs_support.obj
 0001:000254c8       _DllMain@12                100264c8 f   LIBCMT:dll_dllmain_stub.obj
[...]
 0002:0000ccbf       $N00056                    10072cbf     PhysXCooking_32.exp
 0002:0000cceb       $N00057                    10072ceb     PhysXCooking_32.exp
 0002:0000cd12       $N00058                    10072d12     PhysXCooking_32.exp
 0002:0000cd4b       $N00059                    10072d4b     PhysXCooking_32.exp
 0002:0000cd74       $N00060                    10072d74     PhysXCooking_32.exp
 0002:0000cda7       $N00061                    10072da7     PhysXCooking_32.exp
 0002:0000cddb       $N00062                    10072ddb     PhysXCooking_32.exp
 0002:0000ce15       $N00063                    10072e15     PhysXCooking_32.exp
 0002:0000ce5b       $N00064                    10072e5b     PhysXCooking_32.exp
 0002:0000cea9       $N00065                    10072ea9     PhysXCooking_32.exp
 0002:0000cedb       $N00066                    10072edb     PhysXCooking_32.exp
 0002:0000cf0e       $N00067                    10072f0e     PhysXCooking_32.exp
 0002:0000cf43       $N00068                    10072f43     PhysXCooking_32.exp
 0002:0000cf69       $N00069                    10072f69     PhysXCooking_32.exp
 0002:0000cfaf       $N00070                    10072faf     PhysXCooking_32.exp
 0002:0000cff4       $N00071                    10072ff4     PhysXCooking_32.exp
 0002:0000d04b       $N00072                    1007304b     PhysXCooking_32.exp
 0002:0000d091       $N00073                    10073091     PhysXCooking_32.exp
 0002:0000d0bb       $N00074                    100730bb     PhysXCooking_32.exp
 0002:0000d0e9       $N00075                    100730e9     PhysXCooking_32.exp
 0002:0000d137       $N00076                    10073137     PhysXCooking_32.exp
 0002:0000d1e1       $N00077                    100731e1     PhysXCooking_32.exp
 0002:0000d23d       $N00078                    1007323d     PhysXCooking_32.exp
 0002:0000d268       $N00079                    10073268     PhysXCooking_32.exp
 0002:0000d293       $N00080                    10073293     PhysXCooking_32.exp
 0002:0000d2c7       $N00081                    100732c7     PhysXCooking_32.exp
 0002:0000d2ef       $N00082                    100732ef     PhysXCooking_32.exp
 0002:0000d32a       $N00083                    1007332a     PhysXCooking_32.exp
 0002:0000d355       $N00084                    10073355     PhysXCooking_32.exp
 0002:0000d386       $N00085                    10073386     PhysXCooking_32.exp
 0002:0000d3d1       $N00086                    100733d1     PhysXCooking_32.exp
 0002:0000d402       $N00087                    10073402     PhysXCooking_32.exp
 0002:0000d439       $N00088                    10073439     PhysXCooking_32.exp
 0002:0000d470       $N00089                    10073470     PhysXCooking_32.exp
 0002:0000d4ab       $N00090                    100734ab     PhysXCooking_32.exp
 0002:0000d4ed       $N00091                    100734ed     PhysXCooking_32.exp
 0002:0000d51b       $N00092                    1007351b     PhysXCooking_32.exp
 0002:0000d592       $N00093                    10073592     PhysXCooking_32.exp
 0002:0000d5ed       $N00094                    100735ed     PhysXCooking_32.exp
 0002:0000d618       $N00095                    10073618     PhysXCooking_32.exp
 0002:0000d64b       $N00096                    1007364b     PhysXCooking_32.exp
 0002:0000d683       $N00097                    10073683     PhysXCooking_32.exp
 0002:0000d6bf       $N00098                    100736bf     PhysXCooking_32.exp
 0002:0000d6f3       $N00099                    100736f3     PhysXCooking_32.exp
 0002:0000d71f       $N00100                    1007371f     PhysXCooking_32.exp
 0002:0000d74b       $N00101                    1007374b     PhysXCooking_32.exp
 0002:0000d774       $N00102                    10073774     PhysXCooking_32.exp
 0002:0000d79e       $N00103                    1007379e     PhysXCooking_32.exp
 0002:0000d7ca       $N00104                    100737ca     PhysXCooking_32.exp
 0002:0000d7e9       $N00105                    100737e9     PhysXCooking_32.exp
 0002:0000d823       $N00106                    10073823     PhysXCooking_32.exp
 0002:0000d853       $N00107                    10073853     PhysXCooking_32.exp
 0002:0000d884       $N00108                    10073884     PhysXCooking_32.exp
 0002:0000d8c4       $N00109                    100738c4     PhysXCooking_32.exp
 0002:0000d8f0       $N00110                    100738f0     PhysXCooking_32.exp
 0002:0000d913       $N00111                    10073913     PhysXCooking_32.exp
 0002:0000d941       $N00112                    10073941     PhysXCooking_32.exp
 0002:0000d972       $N00113                    10073972     PhysXCooking_32.exp
 0002:0000d997       $N00114                    10073997     PhysXCooking_32.exp
 0002:0000d9c3       $N00115                    100739c3     PhysXCooking_32.exp
 0002:0000d9ea       $N00116                    100739ea     PhysXCooking_32.exp
 0002:0000da09       $N00117                    10073a09     PhysXCooking_32.exp
 0002:0000da4d       $N00118                    10073a4d     PhysXCooking_32.exp
 0002:0000da89       $N00119                    10073a89     PhysXCooking_32.exp
 0002:0000dac5       $N00120                    10073ac5     PhysXCooking_32.exp
 0002:0000daf6       $N00121                    10073af6     PhysXCooking_32.exp
 0002:0000db06       $N00122                    10073b06     PhysXCooking_32.exp
 0002:0000dcb8       .idata$6                   10073cb8     kernel32:KERNEL32.dll
 0003:00000000       ?MAXDOT_MINANG@local@@3MB  10075000     ConvexHullUtils.obj
 0003:00000004       ?MAXDOT_MINANG@local@@3MB  10075004     QuickHullConvexHullLib.obj
 0003:00000040       ?__vcrt_flsindex@@3KA      10075040     libvcruntime:per_thread_data.obj
 0003:00000070       ?__DAZ_ENABLED@?1??__set_fpsr_sse2@@9@9 10075070     libucrt:fpctrl.obj
 0003:00000074       ?errno_no_memory@@3HA      10075074     libucrt:errno.obj
 0003:00000078       ?doserrno_no_memory@@3KA   10075078     libucrt:errno.obj
 0003:0000007c       ?__acrt_flsindex@@3KA      1007507c     libucrt:per_thread_data.obj
 0003:000002a0       __mbctypes                 100752a0     libucrt:mbctype.obj
 0003:000003a8       __mbcasemaps               100753a8     libucrt:mbctype.obj
 0003:000004a8       ?__rgctypeflag@@3PADA      100754a8     libucrt:mbctype.obj
 0003:000004b0       ?__rgcode_page_info@@3PAUcode_page_info@@A 100754b0     libucrt:mbctype.obj
 0003:00000750       __ctype_loc_style          10075750     libucrt:wsetlocale.obj
 0003:000008d0       ?__dcrt_lowio_console_output_handle@@3PAXA 100758d0     libucrt:initcon.obj
 0003:00000f70       ?maxV3Error@_VecMathTests@aos@shdfnd@physx@@3T__m128@@B 10075f70     Cooking.obj
 0003:00000f80       ?minFError@_VecMathTests@aos@shdfnd@physx@@3T__m128@@B 10075f80     Cooking.obj
 0003:00000f90       ?maxV4Error@_VecMathTests@aos@shdfnd@physx@@3T__m128@@B 10075f90     Cooking.obj
 0003:00000fa0       ?minV4Error@_VecMathTests@aos@shdfnd@physx@@3T__m128@@B 10075fa0     Cooking.obj
 0003:00000fb0       ?minV3Error@_VecMathTests@aos@shdfnd@physx@@3T__m128@@B 10075fb0     Cooking.obj
 0003:00000fc0       ?maxFError@_VecMathTests@aos@shdfnd@physx@@3T__m128@@B 10075fc0     Cooking.obj
 0003:00000fd0       ?maxV3Error@_VecMathTests@aos@shdfnd@physx@@3T__m128@@B 10075fd0     BVHStructureBuilder.obj
 0003:00000fe0       ?minFError@_VecMathTests@aos@shdfnd@physx@@3T__m128@@B 10075fe0     BVHStructureBuilder.obj
 0003:00000ff0       ?maxV4Error@_VecMathTests@aos@shdfnd@physx@@3T__m128@@B 10075ff0     BVHStructureBuilder.obj
 0003:00001000       ?minV4Error@_VecMathTests@aos@shdfnd@physx@@3T__m128@@B 10076000     BVHStructureBuilder.obj
 0003:00001010       ?minV3Error@_VecMathTests@aos@shdfnd@physx@@3T__m128@@B 10076010     BVHStructureBuilder.obj
 0003:00001020       ?maxFError@_VecMathTests@aos@shdfnd@physx@@3T__m128@@B 10076020     BVHStructureBuilder.obj
 0003:00001030       ?maxV3Error@_VecMathTests@aos@shdfnd@physx@@3T__m128@@B 10076030     RTreeCooking.obj
 0003:00001040       ?minFError@_VecMathTests@aos@shdfnd@physx@@3T__m128@@B 10076040     RTreeCooking.obj
 0003:00001050       ?maxV4Error@_VecMathTests@aos@shdfnd@physx@@3T__m128@@B 10076050     RTreeCooking.obj
 0003:00001060       ?minV4Error@_VecMathTests@aos@shdfnd@physx@@3T__m128@@B 10076060     RTreeCooking.obj
 0003:00001070       ?minV3Error@_VecMathTests@aos@shdfnd@physx@@3T__m128@@B 10076070     RTreeCooking.obj
 0003:00001080       ?maxFError@_VecMathTests@aos@shdfnd@physx@@3T__m128@@B 10076080     RTreeCooking.obj
 0003:00001090       ?maxV3Error@_VecMathTests@aos@shdfnd@physx@@3T__m128@@B 10076090     MeshBuilder.obj
 0003:000010a0       ?minFError@_VecMathTests@aos@shdfnd@physx@@3T__m128@@B 100760a0     MeshBuilder.obj
 0003:000010b0       ?maxV4Error@_VecMathTests@aos@shdfnd@physx@@3T__m128@@B 100760b0     MeshBuilder.obj
 0003:000010c0       ?minV4Error@_VecMathTests@aos@shdfnd@physx@@3T__m128@@B 100760c0     MeshBuilder.obj
 0003:000010d0       ?minV3Error@_VecMathTests@aos@shdfnd@physx@@3T__m128@@B 100760d0     MeshBuilder.obj
 0003:000010e0       ?maxFError@_VecMathTests@aos@shdfnd@physx@@3T__m128@@B 100760e0     MeshBuilder.obj
 0003:000010f0       ?maxV3Error@_VecMathTests@aos@shdfnd@physx@@3T__m128@@B 100760f0     TriangleMeshBuilder.obj
 0003:00001100       ?minFError@_VecMathTests@aos@shdfnd@physx@@3T__m128@@B 10076100     TriangleMeshBuilder.obj
 0003:00001110       ?maxV4Error@_VecMathTests@aos@shdfnd@physx@@3T__m128@@B 10076110     TriangleMeshBuilder.obj
 0003:00001120       ?minV4Error@_VecMathTests@aos@shdfnd@physx@@3T__m128@@B 10076120     TriangleMeshBuilder.obj
 0003:00001130       ?minV3Error@_VecMathTests@aos@shdfnd@physx@@3T__m128@@B 10076130     TriangleMeshBuilder.obj
 0003:00001140       ?maxFError@_VecMathTests@aos@shdfnd@physx@@3T__m128@@B 10076140     TriangleMeshBuilder.obj
 0003:00001150       ?maxV3Error@_VecMathTests@aos@shdfnd@physx@@3T__m128@@B 10076150     BigConvexDataBuilder.obj
 0003:00001160       ?minFError@_VecMathTests@aos@shdfnd@physx@@3T__m128@@B 10076160     BigConvexDataBuilder.obj
 0003:00001170       ?maxV4Error@_VecMathTests@aos@shdfnd@physx@@3T__m128@@B 10076170     BigConvexDataBuilder.obj
 0003:00001180       ?minV4Error@_VecMathTests@aos@shdfnd@physx@@3T__m128@@B 10076180     BigConvexDataBuilder.obj
 0003:00001190       ?minV3Error@_VecMathTests@aos@shdfnd@physx@@3T__m128@@B 10076190     BigConvexDataBuilder.obj
 0003:000011a0       ?maxFError@_VecMathTests@aos@shdfnd@physx@@3T__m128@@B 100761a0     BigConvexDataBuilder.obj
 0003:000011b0       ?maxV3Error@_VecMathTests@aos@shdfnd@physx@@3T__m128@@B 100761b0     ConvexHullBuilder.obj
 0003:000011c0       ?minFError@_VecMathTests@aos@shdfnd@physx@@3T__m128@@B 100761c0     ConvexHullBuilder.obj
 0003:000011d0       ?maxV4Error@_VecMathTests@aos@shdfnd@physx@@3T__m128@@B 100761d0     ConvexHullBuilder.obj
 0003:000011e0       ?minV4Error@_VecMathTests@aos@shdfnd@physx@@3T__m128@@B 100761e0     ConvexHullBuilder.obj
 0003:000011f0       ?minV3Error@_VecMathTests@aos@shdfnd@physx@@3T__m128@@B 100761f0     ConvexHullBuilder.obj
 0003:00001200       ?maxFError@_VecMathTests@aos@shdfnd@physx@@3T__m128@@B 10076200     ConvexHullBuilder.obj
 0003:00001210       ?maxV3Error@_VecMathTests@aos@shdfnd@physx@@3T__m128@@B 10076210     ConvexHullUtils.obj
 0003:00001220       ?minFError@_VecMathTests@aos@shdfnd@physx@@3T__m128@@B 10076220     ConvexHullUtils.obj
 0003:00001230       ?maxV4Error@_VecMathTests@aos@shdfnd@physx@@3T__m128@@B 10076230     ConvexHullUtils.obj
 0003:00001240       ?minV4Error@_VecMathTests@aos@shdfnd@physx@@3T__m128@@B 10076240     ConvexHullUtils.obj
 0003:00001250       ?minV3Error@_VecMathTests@aos@shdfnd@physx@@3T__m128@@B 10076250     ConvexHullUtils.obj
 0003:00001260       ?maxFError@_VecMathTests@aos@shdfnd@physx@@3T__m128@@B 10076260     ConvexHullUtils.obj
 0003:00001270       ?maxV3Error@_VecMathTests@aos@shdfnd@physx@@3T__m128@@B 10076270     ConvexMeshBuilder.obj
 0003:00001280       ?minFError@_VecMathTests@aos@shdfnd@physx@@3T__m128@@B 10076280     ConvexMeshBuilder.obj
 0003:00001290       ?maxV4Error@_VecMathTests@aos@shdfnd@physx@@3T__m128@@B 10076290     ConvexMeshBuilder.obj
 0003:000012a0       ?minV4Error@_VecMathTests@aos@shdfnd@physx@@3T__m128@@B 100762a0     ConvexMeshBuilder.obj
 0003:000012b0       ?minV3Error@_VecMathTests@aos@shdfnd@physx@@3T__m128@@B 100762b0     ConvexMeshBuilder.obj
 0003:000012c0       ?maxFError@_VecMathTests@aos@shdfnd@physx@@3T__m128@@B 100762c0     ConvexMeshBuilder.obj
 0003:000012d0       ?maxV3Error@_VecMathTests@aos@shdfnd@physx@@3T__m128@@B 100762d0     VolumeIntegration.obj
 0003:000012e0       ?minFError@_VecMathTests@aos@shdfnd@physx@@3T__m128@@B 100762e0     VolumeIntegration.obj
 0003:000012f0       ?maxV4Error@_VecMathTests@aos@shdfnd@physx@@3T__m128@@B 100762f0     VolumeIntegration.obj
 0003:00001300       ?minV4Error@_VecMathTests@aos@shdfnd@physx@@3T__m128@@B 10076300     VolumeIntegration.obj
 0003:00001310       ?minV3Error@_VecMathTests@aos@shdfnd@physx@@3T__m128@@B 10076310     VolumeIntegration.obj
 0003:00001320       ?maxFError@_VecMathTests@aos@shdfnd@physx@@3T__m128@@B 10076320     VolumeIntegration.obj
 0003:00001330       ?gCookingDelayLoadHook@@3PBVPxDelayLoadHook@physx@@B 10076330     WindowsCookingDelayLoadHook.obj
 0003:00001360       ?__proc_attached@@3HA      10076360     LIBCMT:dll_dllmain.obj
 0003:00001380       ?is_initialized_as_dll@@3_NA 10076380     LIBCMT:utility.obj
 0003:00001381       ?module_local_atexit_table_initialized@@3_NA 10076381     LIBCMT:utility.obj
 0003:00001384       ?module_local_atexit_table@@3U_onexit_table_t@@A 10076384     LIBCMT:utility.obj
 0003:00001390       ?module_local_at_quick_exit_table@@3U_onexit_table_t@@A 10076390     LIBCMT:utility.obj
 0003:000013a8       _GS_ExceptionRecord        100763a8     LIBCMT:gs_report.obj
 0003:000013f8       _GS_ContextRecord          100763f8     LIBCMT:gs_report.obj
 0003:000016f0       ?heap@@3V_HeapManager@@A   100766f0     libvcruntime:undname.obj
 0003:00001704       ?__vcrt_startup_thread_ptd@@3U__vcrt_ptd@@A 10076704     libvcruntime:per_thread_data.obj
 0003:0000172c       ___vcrt_lock_table         1007672c     libvcruntime:locks.obj
 0003:00001744       ___vcrt_locks_initialized  10076744     libvcruntime:locks.obj
 0003:00001748       ?module_handles@@3PAPAUHINSTANCE__@@A 10076748     libvcruntime:winapi_downlevel.obj
 0003:00001754       ?encoded_function_pointers@@3PAPAXA 10076754     libvcruntime:winapi_downlevel.obj
 0003:0000176c       ?c_termination_complete@@3JA 1007676c     libucrt:exit.obj
 0003:00001770       ?thread_local_exit_callback_func@@3P6GXPAXK0@ZA 10076770     libucrt:exit.obj
 0003:00001778       ?program_name@?1???$common_configure_argv@D@@YAHW4_crt_argv_mode@@@Z@4PADA 10076778     libucrt:argv_parsing.obj
 0003:00001880       ?program_name@?1???$common_configure_argv@_W@@YAHW4_crt_argv_mode@@@Z@4PA_WA 10076880     libucrt:argv_parsing.obj
 0003:00001ab4       ?user_matherr@@3V?$dual_state_global@P6AHPAU_exception@@@Z@__crt_state_management@@A 10076ab4     libucrt:matherr.obj
 0003:00001ab8       ?__acrt_lock_table@@3PAU_RTL_CRITICAL_SECTION@@A 10076ab8     libucrt:locks.obj
 0003:00001c08       ?__acrt_locks_initialized@@3IA 10076c08     libucrt:locks.obj
 0003:00001c0c       ?state_cache@?1???$get_cached_win_policy@Ubegin_thread_init_policy_properties@?1??__acrt_get_begin_thread_init_policy@@YA?AW4begin_thread_init_policy@@XZ@@@YA?AW4begin_thread_init_policy@@W4AppPolicyThreadInitializationType@@@Z@4JA 10076c0c     libucrt:win_policies.obj
 0003:00001c10       ?state_cache@?1???$get_cached_win_policy@Udeveloper_information_policy_properties@?1??__acrt_get_developer_information_policy@@YA?AW4developer_information_policy@@XZ@@@YA?AW4developer_information_policy@@W4AppPolicyShowDeveloperDiagnostic@@@Z@4JA 10076c10     libucrt:win_policies.obj
 0003:00001c14       ?state_cache@?1???$get_cached_win_policy@Uwindowing_model_policy_properties@?1??__acrt_get_windowing_model_policy@@YA?AW4windowing_model_policy@@XZ@@@YA?AW4windowing_model_policy@@W4AppPolicyWindowingModel@@@Z@4JA 10076c14     libucrt:win_policies.obj
 0003:00001c18       ?__acrt_invalid_parameter_handler@@3V?$dual_state_global@P6AXPB_W00II@Z@__crt_state_management@@A 10076c18     libucrt:invalid_parameter.obj
 0003:00001c28       ?fSystemSet@@3HA           10076c28     libucrt:mbctype.obj
 0003:00001c2c       ?initialized@?1??__acrt_initialize_multibyte@@9@4_NA 10076c2c     libucrt:mbctype.obj
 0003:00001e58       ?module_handles@@3PAPAUHINSTANCE__@@A 10076e58     libucrt:winapi_thunks.obj
 0003:00001ea8       ?encoded_function_pointers@@3PAPAXA 10076ea8     libucrt:winapi_thunks.obj
 0003:00001f30       ?static_enum_proc@?1??enum_system_locales_ex_nolock@@YAHQ6GHPA_WKJ@Z@Z@4P6GH0KJ@ZA 10076f30     libucrt:winapi_thunks.obj
 0003:00001f38       ?__acrt_new_handler@@3V?$dual_state_global@P6AHI@Z@__crt_state_management@@A 10076f38     libucrt:new_handler.obj
 0003:00001f3c       ?console_ctrl_handler_installed@@3_NA 10076f3c     libucrt:signal.obj
 0003:00001f40       ?ctrlc_action@@3V?$dual_state_global@P6AXH@Z@__crt_state_management@@A 10076f40     libucrt:signal.obj
 0003:00001f44       ?ctrlbreak_action@@3V?$dual_state_global@P6AXH@Z@__crt_state_management@@A 10076f44     libucrt:signal.obj
 0003:00001f48       ?abort_action@@3V?$dual_state_global@P6AXH@Z@__crt_state_management@@A 10076f48     libucrt:signal.obj
 0003:00001f4c       ?term_action@@3V?$dual_state_global@P6AXH@Z@__crt_state_management@@A 10076f4c     libucrt:signal.obj
 0003:00001f68       ?internal_state@?1??_mbtowc_l@@9@4U_Mbstatet@@A 10076f68     libucrt:mbtowc.obj
 0003:00001f70       ?enable_percent_n@@3IA     10076f70     libucrt:printf_count_output.obj
 0003:00001f78       ?__acrt_global_new_mode@@3V?$dual_state_global@J@__crt_state_management@@A 10076f78     libucrt:new_mode.obj
 0003:00001f84       ?mbst@?1??mbrlen@@9@4U_Mbstatet@@A 10076f84     libucrt:mbrtowc.obj
 0003:00001f8c       ?mbst@?1??mbrtowc@@9@4U_Mbstatet@@A 10076f8c     libucrt:mbrtowc.obj
 0003:00001f94       ?mbst@?1??_mbsrtowcs_helper@@YAIPA_WPAPBDIPAU_Mbstatet@@@Z@4U2@A 10076f94     libucrt:mbrtowc.obj
 0003:00001fa0       ?__acrt_app_type@@3W4_crt_app_type@@A 10076fa0     libucrt:report_runtime_error.obj
 0003:00001fa8       ?outmsg@?9??__acrt_report_runtime_error@@9@4PA_WA 10076fa8     libucrt:report_runtime_error.obj
 0003:000025d0       ?internal_pst@?1??__mbrtoc32_utf8@__crt_mbstring@@YAIPA_UPBDIPAU_Mbstatet@@@Z@4U3@A 100775d0     libucrt:mbrtoc32.obj
 0003:000025d8       ___acrt_error_mode         100775d8     libucrt:set_error_mode.obj
 0003:000025dc       __pmatherr_set             100775dc     libucrt:libm_error.obj
 0004:00000000       _static_const_table        10078000     LIBCMT:svml_ssinf4_sse2.obj
 0004:00000100       __e02PI                    10078100     LIBCMT:svml_dtrig.obj
 0004:000002a0       __e04PI                    100782a0     LIBCMT:svml_dtrig.obj
 0004:00000430       _2il0floatpacket_2         10078430     LIBCMT:svml_dtrig.obj
 0004:00000440       _2il0floatpacket_9         10078440     LIBCMT:svml_dtrig.obj
 0004:00000450       _2il0floatpacket_12        10078450     LIBCMT:svml_dtrig.obj
 0004:00000460       __dPI02                    10078460     LIBCMT:svml_dtrig.obj
 0004:00000470       __d02PI                    10078470     LIBCMT:svml_dtrig.obj
 0004:00000480       __DP4                      10078480     LIBCMT:svml_dtrig.obj
 0004:000004a0       __dPI04                    100784a0     LIBCMT:svml_dtrig.obj
 0004:000004b0       __d04PI                    100784b0     LIBCMT:svml_dtrig.obj
 0004:000004c0       __QP4                      100784c0     LIBCMT:svml_dtrig.obj
 0005:000000a0       $R000000                   100790a0     PhysXCooking.res
 0005:000003d0       $R000330                   100793d0     PhysXCooking.res
